
> leonida-free-roam@0.1.0 build
> tsc --noEmit && vite build

vite v8.2.2 building client environment for production...
transforming...
✓ 3133 modules transformed.
rendering chunks...
computing gzip size...
dist/index.html                                                      3.07 kB │ gzip:     0.84 kB
dist/assets/glslang-DqqdIFnr.js                                     16.03 kB
dist/assets/twgsl-DqdFeK3J.js                                       74.55 kB
dist/assets/glslang-G7Yt_-32.wasm                                  943.68 kB │ gzip:   304.90 kB
dist/assets/twgsl-CB--yrSG.wasm                                  1,702.91 kB │ gzip:   600.20 kB
dist/assets/HavokPhysics-BqNY-4N9.wasm                           2,094.56 kB │ gzip:   668.98 kB
dist/assets/index-BdFcW67w.css                                       8.97 kB │ gzip:     2.77 kB
dist/assets/abstractAudioBus-BQ_7_vCp.js                             0.11 kB │ gzip:     0.13 kB
dist/assets/mainUVVaryingDeclaration-BBamQlxR.js                     0.22 kB │ gzip:     0.19 kB
dist/assets/mainUVVaryingDeclaration-B_7d0nc3.js                     0.23 kB │ gzip:     0.19 kB
dist/assets/meshUboDeclaration-BATNZvmb.js                           0.27 kB │ gzip:     0.23 kB
dist/assets/tgaTextureLoader-BiwOklQn.js                             0.31 kB │ gzip:     0.25 kB
dist/assets/meshUboDeclaration-BmNu2KU_.js                           0.34 kB │ gzip:     0.25 kB
dist/assets/engineStore-B_7KzytD.js                                  0.36 kB │ gzip:     0.22 kB
dist/assets/sceneUboDeclaration-B5VhSG0v.js                          0.36 kB │ gzip:     0.26 kB
dist/assets/oitFinalSimpleBlend.fragment-Q5Yng1yZ.js                 0.38 kB │ gzip:     0.25 kB
dist/assets/precisionDate-CfCevjl-.js                                0.39 kB │ gzip:     0.23 kB
dist/assets/sceneUboDeclaration-B96Tfx7b.js                          0.43 kB │ gzip:     0.27 kB
dist/assets/oitFinalSimpleBlend.fragment-nGYFumis.js                 0.45 kB │ gzip:     0.29 kB
dist/assets/shaderStore-D-XQlhUT.js                                  0.46 kB │ gzip:     0.17 kB
dist/assets/performanceConfigurator-UtxC_Odd.js                      0.50 kB │ gzip:     0.25 kB
dist/assets/hdrTextureLoader-BPfed6OT.js                             0.53 kB │ gzip:     0.38 kB
dist/assets/envTextureLoader-C1GAZ5Bn.js                             0.56 kB │ gzip:     0.37 kB
dist/assets/lod3D.fragment-yRlWVCij.js                               0.62 kB │ gzip:     0.36 kB
dist/assets/samplerFragmentDeclaration-3yaLawFX.js                   0.67 kB │ gzip:     0.29 kB
dist/assets/volumetricLightingRenderVolume.vertex-RnQh_q9x.js        0.69 kB │ gzip:     0.38 kB
dist/assets/samplerFragmentDeclaration-CEHqUfAO.js                   0.72 kB │ gzip:     0.32 kB
dist/assets/volumetricLightingRenderVolume.vertex-C6FZxDYC.js        0.75 kB │ gzip:     0.39 kB
dist/assets/clusteredLightingFunctions-BFCOODPn.js                   0.76 kB │ gzip:     0.35 kB
dist/assets/lod3D.fragment-y-jhIqg5.js                               0.76 kB │ gzip:     0.41 kB
dist/assets/clusteredLightingFunctions-DNqaoQCj.js                   0.79 kB │ gzip:     0.35 kB
dist/assets/volumetricLightingBlendVolume.fragment-Bz5yiNiY.js       0.81 kB │ gzip:     0.45 kB
dist/assets/iblCopyVoxelBufferToGrid.compute-Dn5OuT-_.js             0.83 kB │ gzip:     0.50 kB
dist/assets/webAudioMainBus-ClAzKhc2.js                              0.91 kB │ gzip:     0.41 kB
dist/assets/volumetricLightingBlendVolume.fragment-DIkNb-c4.js       1.01 kB │ gzip:     0.51 kB
dist/assets/selection.fragment-DSgixnBm.js                           1.05 kB │ gzip:     0.51 kB
dist/assets/gaussianSplatting.fragment-X7EMIWA2.js                   1.17 kB │ gzip:     0.56 kB
dist/assets/ddsTextureLoader-DcuS_99V.js                             1.21 kB │ gzip:     0.59 kB
dist/assets/basisTextureLoader-DqjsGbfj.js                           1.21 kB │ gzip:     0.57 kB
dist/assets/noise.fragment-DEbzbasH.js                               1.24 kB │ gzip:     0.65 kB
dist/assets/gaussianSplatting.fragment-lcD5gwKr.js                   1.25 kB │ gzip:     0.57 kB
dist/assets/selection.fragment-DEVxb5aR.js                           1.26 kB │ gzip:     0.58 kB
dist/assets/halfFloat-Ce77JD5z.js                                    1.29 kB │ gzip:     0.60 kB
dist/assets/noise.fragment-LuZEVkT0.js                               1.40 kB │ gzip:     0.71 kB
dist/assets/gaussianSplattingVoxel.fragment-CojtnHSI.js              1.45 kB │ gzip:     0.69 kB
dist/assets/gpuRenderParticles.fragment-CMVGCizD.js                  1.45 kB │ gzip:     0.63 kB
dist/assets/abstractSoundSource-B3SG6se2.js                          1.48 kB │ gzip:     0.48 kB
dist/assets/screenSpaceCurvature.fragment-DGKqBbuS.js                1.59 kB │ gzip:     0.65 kB
dist/assets/volumetricLightingRenderVolume.fragment-voPVgTcC.js      1.70 kB │ gzip:     0.81 kB
dist/assets/gaussianSplattingVoxel.fragment-B_Om6CDx.js              1.75 kB │ gzip:     0.59 kB
dist/assets/gaussianSplattingVoxel.vertex-BBCIWHvC.js                1.87 kB │ gzip:     0.76 kB
dist/assets/logger-CuBYPcDK.js                                       1.88 kB │ gzip:     0.82 kB
dist/assets/volumetricLightingRenderVolume.fragment--stnBwf_.js      1.95 kB │ gzip:     0.88 kB
dist/assets/selection.vertex-B4js5mGI.js                             2.14 kB │ gzip:     0.82 kB
dist/assets/math.scalar.functions-BWXNux-o.js                        2.19 kB │ gzip:     1.03 kB
dist/assets/webAudioBus-CsBu4iEK.js                                  2.28 kB │ gzip:     0.74 kB
dist/assets/iesTextureLoader-Dvr1zCIo.js                             2.47 kB │ gzip:     1.08 kB
dist/assets/selection.vertex-B1Xxmxgy.js                             2.48 kB │ gzip:     0.90 kB
dist/assets/gaussianSplattingVoxel.vertex-CeeUcH5G.js                2.59 kB │ gzip:     0.91 kB
dist/assets/webRequest-dqz0dHXK.js                                   2.94 kB │ gzip:     1.06 kB
dist/assets/observable.pure-H-M_hi7F.js                              3.20 kB │ gzip:     1.10 kB
dist/assets/gaussianSplatting.vertex-h32kg0ya.js                     3.82 kB │ gzip:     1.36 kB
dist/assets/decorators-D3kDnvNy.js                                   3.88 kB │ gzip:     1.58 kB
dist/assets/gaussianSplatting.vertex-BPbJPeEQ.js                     4.71 kB │ gzip:     1.49 kB
dist/assets/selectionOutline.fragment-lN_28Eg-.js                    4.99 kB │ gzip:     1.04 kB
dist/assets/subSurfaceScattering.fragment-DEoijG8E.js                5.41 kB │ gzip:     2.06 kB
dist/assets/subSurfaceScattering.fragment-Cx22J1WX.js                6.03 kB │ gzip:     2.16 kB
dist/assets/ltcHelperFunctions-DS3Utz6C.js                           6.04 kB │ gzip:     1.54 kB
dist/assets/selectionOutline.fragment-CwDO4qmT.js                    6.26 kB │ gzip:     1.16 kB
dist/assets/ltcHelperFunctions-D8BySwCQ.js                           6.63 kB │ gzip:     1.84 kB
dist/assets/gpuRenderParticles.vertex-I7m8r9j9.js                    6.65 kB │ gzip:     1.65 kB
dist/assets/math.color.pure-CaHjkGe9.js                             12.23 kB │ gzip:     2.80 kB
dist/assets/webAudioBaseSubGraph-D0ajKcgP.js                        12.38 kB │ gzip:     3.51 kB
dist/assets/tools.functions-CGAPgMh0.js                             13.97 kB │ gzip:     4.74 kB
dist/assets/ktxTextureLoader-BcLv99iR.js                            16.40 kB │ gzip:     4.77 kB
dist/assets/tools.pure-yXf9W3Ut.js                                  30.77 kB │ gzip:    10.09 kB
dist/assets/math.vector.pure-BAJs8R8E.js                            64.08 kB │ gzip:    15.94 kB
dist/assets/index-CwvbjD5c.js                                    6,909.16 kB │ gzip: 1,533.84 kB

✓ built in 805ms
[plugin builtin:vite-reporter] 
(!) Some chunks are larger than 500 kB after minification. Consider:
- Using dynamic import() to code-split the application
- Use build.rolldownOptions.output.codeSplitting to improve chunking: https://rolldown.rs/reference/OutputOptions.codeSplitting
- Adjust chunk size limit for this warning via build.chunkSizeWarningLimit.
