Assets in public directory cannot be imported from JavaScript.
If you intend to import that asset, put the file in the src directory, and use /src/surfaces/manifest.json instead of /public/surfaces/manifest.json.
If you intend to use the URL of that asset, use /surfaces/manifest.json?url.
8:29:03 PM [vite] (client) [console.warn] BJS - [20:29:03]: The scene must be ready before serializing the dynamic texture
8:29:03 PM [vite] (client) [console.warn] BJS - [20:29:03]: The scene must be ready before serializing the dynamic texture
8:29:03 PM [vite] (client) [console.warn] BJS - [20:29:03]: The scene must be ready before serializing the dynamic texture
8:29:03 PM [vite] (client) [console.warn] BJS - [20:29:03]: The scene must be ready before serializing the dynamic texture
8:29:03 PM [vite] (client) [console.warn] BJS - [20:29:03]: The scene must be ready before serializing the dynamic texture
8:29:03 PM [vite] (client) [console.warn] BJS - [20:29:03]: The scene must be ready before serializing the dynamic texture
8:29:03 PM [vite] (client) [console.warn] BJS - [20:29:03]: The scene must be ready before serializing the dynamic texture
8:29:03 PM [vite] (client) [console.warn] BJS - [20:29:03]: The scene must be ready before serializing the dynamic texture
8:29:03 PM [vite] (client) [console.warn] BJS - [20:29:03]: The scene must be ready before serializing the dynamic texture
8:29:03 PM [vite] (client) [console.warn] BJS - [20:29:03]: The scene must be ready before serializing the dynamic texture
8:29:03 PM [vite] (client) [console.warn] BJS - [20:29:03]: The scene must be ready before serializing the dynamic texture
8:29:03 PM [vite] (client) [console.warn] BJS - [20:29:03]: The scene must be ready before serializing the dynamic texture
8:29:03 PM [vite] (client) [console.warn] BJS - [20:29:03]: The scene must be ready before serializing the dynamic texture
8:29:03 PM [vite] (client) [console.warn] BJS - [20:29:03]: The scene must be ready before serializing the dynamic texture
8:29:03 PM [vite] (client) [console.warn] BJS - [20:29:03]: The scene must be ready before serializing the dynamic texture
8:29:03 PM [vite] (client) [console.warn] BJS - [20:29:03]: The scene must be ready before serializing the dynamic texture
8:29:03 PM [vite] (client) [console.warn] BJS - [20:29:03]: The scene must be ready before serializing the dynamic texture
8:29:03 PM [vite] (client) [console.warn] BJS - [20:29:03]: The scene must be ready before serializing the dynamic texture
8:29:04 PM [vite] (client) [console.warn] BJS - [20:29:04]: The scene must be ready before serializing the dynamic texture
8:29:04 PM [vite] (client) [console.warn] BJS - [20:29:04]: The scene must be ready before serializing the dynamic texture
8:29:04 PM [vite] (client) [console.warn] BJS - [20:29:04]: The scene must be ready before serializing the dynamic texture
8:29:04 PM [vite] (client) [console.warn] BJS - [20:29:04]: The scene must be ready before serializing the dynamic texture
8:29:04 PM [vite] (client) [console.warn] BJS - [20:29:04]: The scene must be ready before serializing the dynamic texture
8:29:04 PM [vite] (client) [console.warn] BJS - [20:29:04]: The scene must be ready before serializing the dynamic texture
8:29:04 PM [vite] (client) [console.warn] BJS - [20:29:04]: The scene must be ready before serializing the dynamic texture
8:29:04 PM [vite] (client) [console.warn] BJS - [20:29:04]: The scene must be ready before serializing the dynamic texture
8:29:04 PM [vite] (client) [console.warn] BJS - [20:29:04]: The scene must be ready before serializing the dynamic texture
8:29:04 PM [vite] (client) [console.warn] BJS - [20:29:04]: The scene must be ready before serializing the dynamic texture
8:29:04 PM [vite] (client) [console.warn] BJS - [20:29:04]: The scene must be ready before serializing the dynamic texture
8:29:04 PM [vite] (client) [console.warn] BJS - [20:29:04]: The scene must be ready before serializing the dynamic texture
8:29:04 PM [vite] (client) [console.warn] BJS - [20:29:04]: The scene must be ready before serializing the dynamic texture
8:29:04 PM [vite] (client) [console.warn] BJS - [20:29:04]: The scene must be ready before serializing the dynamic texture
8:29:04 PM [vite] (client) [console.warn] BJS - [20:29:04]: The scene must be ready before serializing the dynamic texture
8:29:04 PM [vite] (client) [console.warn] BJS - [20:29:04]: The scene must be ready before serializing the dynamic texture
8:29:04 PM [vite] (client) [console.warn] BJS - [20:29:04]: The scene must be ready before serializing the dynamic texture
8:29:04 PM [vite] (client) [console.warn] BJS - [20:29:04]: The scene must be ready before serializing the dynamic texture
8:29:04 PM [vite] (client) [console.warn] BJS - [20:29:04]: The scene must be ready before serializing the dynamic texture
8:29:04 PM [vite] (client) [console.warn] BJS - [20:29:04]: The scene must be ready before serializing the dynamic texture
8:29:04 PM [vite] (client) [console.warn] BJS - [20:29:04]: The scene must be ready before serializing the dynamic texture
8:29:04 PM [vite] (client) [console.warn] BJS - [20:29:04]: The scene must be ready before serializing the dynamic texture
8:29:04 PM [vite] (client) [console.warn] BJS - [20:29:04]: The scene must be ready before serializing the dynamic texture
8:29:04 PM [vite] (client) [console.warn] BJS - [20:29:04]: The scene must be ready before serializing the dynamic texture
8:29:04 PM [vite] (client) [console.warn] BJS - [20:29:04]: The scene must be ready before serializing the dynamic texture
8:29:04 PM [vite] (client) [console.warn] BJS - [20:29:04]: The scene must be ready before serializing the dynamic texture
8:29:04 PM [vite] (client) [console.warn] BJS - [20:29:04]: The scene must be ready before serializing the dynamic texture
8:29:04 PM [vite] (client) [console.warn] BJS - [20:29:04]: The scene must be ready before serializing the dynamic texture
8:29:04 PM [vite] (client) [console.warn] BJS - [20:29:04]: The scene must be ready before serializing the dynamic texture
8:29:04 PM [vite] (client) [console.warn] BJS - [20:29:04]: The scene must be ready before serializing the dynamic texture
8:29:04 PM [vite] (client) [console.warn] BJS - [20:29:04]: The scene must be ready before serializing the dynamic texture
8:29:04 PM [vite] (client) [console.warn] BJS - [20:29:04]: The scene must be ready before serializing the dynamic texture
8:29:04 PM [vite] (client) [console.warn] BJS - [20:29:04]: The scene must be ready before serializing the dynamic texture
8:29:04 PM [vite] (client) [console.warn] BJS - [20:29:04]: The scene must be ready before serializing the dynamic texture
8:29:04 PM [vite] (client) [console.warn] BJS - [20:29:04]: The scene must be ready before serializing the dynamic texture
8:29:04 PM [vite] (client) [console.warn] BJS - [20:29:04]: The scene must be ready before serializing the dynamic texture
8:29:04 PM [vite] (client) [console.warn] BJS - [20:29:04]: The scene must be ready before serializing the dynamic texture
8:29:04 PM [vite] (client) [console.warn] BJS - [20:29:04]: The scene must be ready before serializing the dynamic texture
8:29:04 PM [vite] (client) [console.warn] BJS - [20:29:04]: The scene must be ready before serializing the dynamic texture
8:29:04 PM [vite] (client) [console.warn] BJS - [20:29:04]: The scene must be ready before serializing the dynamic texture
8:29:04 PM [vite] (client) [console.warn] BJS - [20:29:04]: The scene must be ready before serializing the dynamic texture
8:29:04 PM [vite] (client) [console.warn] BJS - [20:29:04]: The scene must be ready before serializing the dynamic texture
8:29:04 PM [vite] (client) [console.warn] BJS - [20:29:04]: The scene must be ready before serializing the dynamic texture
8:29:04 PM [vite] (client) [console.warn] BJS - [20:29:04]: The scene must be ready before serializing the dynamic texture
8:29:04 PM [vite] (client) [console.warn] BJS - [20:29:04]: The scene must be ready before serializing the dynamic texture
8:29:04 PM [vite] (client) [console.warn] BJS - [20:29:04]: The scene must be ready before serializing the dynamic texture
8:29:04 PM [vite] (client) [console.warn] BJS - [20:29:04]: The scene must be ready before serializing the dynamic texture
8:29:04 PM [vite] (client) [console.warn] BJS - [20:29:04]: The scene must be ready before serializing the dynamic texture
8:29:04 PM [vite] (client) [console.warn] BJS - [20:29:04]: The scene must be ready before serializing the dynamic texture
8:29:04 PM [vite] (client) [console.warn] BJS - [20:29:04]: The scene must be ready before serializing the dynamic texture
8:29:04 PM [vite] (client) [console.warn] BJS - [20:29:04]: The scene must be ready before serializing the dynamic texture
8:29:04 PM [vite] (client) [console.warn] BJS - [20:29:04]: The scene must be ready before serializing the dynamic texture
8:29:04 PM [vite] (client) [console.warn] BJS - [20:29:04]: The scene must be ready before serializing the dynamic texture
8:29:04 PM [vite] (client) [console.warn] BJS - [20:29:04]: The scene must be ready before serializing the dynamic texture
8:29:04 PM [vite] (client) [console.warn] BJS - [20:29:04]: The scene must be ready before serializing the dynamic texture
8:29:04 PM [vite] (client) [console.warn] BJS - [20:29:04]: The scene must be ready before serializing the dynamic texture
8:29:04 PM [vite] (client) [console.warn] BJS - [20:29:04]: The scene must be ready before serializing the dynamic texture
8:29:04 PM [vite] (client) [console.warn] BJS - [20:29:04]: The scene must be ready before serializing the dynamic texture
8:29:04 PM [vite] (client) [console.warn] BJS - [20:29:04]: The scene must be ready before serializing the dynamic texture
8:29:04 PM [vite] (client) [console.warn] BJS - [20:29:04]: The scene must be ready before serializing the dynamic texture
8:29:04 PM [vite] (client) [console.warn] BJS - [20:29:04]: The scene must be ready before serializing the dynamic texture
8:29:04 PM [vite] (client) [console.warn] BJS - [20:29:04]: The scene must be ready before serializing the dynamic texture
8:29:05 PM [vite] (client) [console.warn] BJS - [20:29:05]: The scene must be ready before serializing the dynamic texture
8:29:05 PM [vite] (client) [console.warn] BJS - [20:29:05]: The scene must be ready before serializing the dynamic texture
8:29:05 PM [vite] (client) [console.warn] BJS - [20:29:05]: The scene must be ready before serializing the dynamic texture
8:29:05 PM [vite] (client) [console.warn] BJS - [20:29:05]: The scene must be ready before serializing the dynamic texture
8:29:05 PM [vite] (client) [console.warn] BJS - [20:29:05]: The scene must be ready before serializing the dynamic texture
8:29:05 PM [vite] (client) [console.warn] BJS - [20:29:05]: The scene must be ready before serializing the dynamic texture
8:29:05 PM [vite] (client) [console.warn] BJS - [20:29:05]: The scene must be ready before serializing the dynamic texture
8:29:05 PM [vite] (client) [console.warn] BJS - [20:29:05]: The scene must be ready before serializing the dynamic texture
8:29:05 PM [vite] (client) [console.warn] BJS - [20:29:05]: The scene must be ready before serializing the dynamic texture
8:29:05 PM [vite] (client) [console.warn] BJS - [20:29:05]: The scene must be ready before serializing the dynamic texture
8:29:05 PM [vite] (client) [console.warn] BJS - [20:29:05]: The scene must be ready before serializing the dynamic texture
8:29:05 PM [vite] (client) [console.warn] BJS - [20:29:05]: The scene must be ready before serializing the dynamic texture
8:29:05 PM [vite] (client) [console.warn] BJS - [20:29:05]: The scene must be ready before serializing the dynamic texture
8:29:05 PM [vite] (client) [console.warn] BJS - [20:29:05]: The scene must be ready before serializing the dynamic texture
8:29:05 PM [vite] (client) [console.warn] BJS - [20:29:05]: The scene must be ready before serializing the dynamic texture
8:29:05 PM [vite] (client) [console.warn] BJS - [20:29:05]: The scene must be ready before serializing the dynamic texture
8:29:05 PM [vite] (client) [console.warn] BJS - [20:29:05]: The scene must be ready before serializing the dynamic texture
8:29:05 PM [vite] (client) [console.warn] BJS - [20:29:05]: The scene must be ready before serializing the dynamic texture
8:29:05 PM [vite] (client) [console.warn] BJS - [20:29:05]: The scene must be ready before serializing the dynamic texture
8:29:05 PM [vite] (client) [console.warn] BJS - [20:29:05]: The scene must be ready before serializing the dynamic texture
8:29:05 PM [vite] (client) [console.warn] BJS - [20:29:05]: The scene must be ready before serializing the dynamic texture
8:29:05 PM [vite] (client) [console.warn] BJS - [20:29:05]: The scene must be ready before serializing the dynamic texture
8:29:05 PM [vite] (client) [console.warn] BJS - [20:29:05]: The scene must be ready before serializing the dynamic texture
8:29:05 PM [vite] (client) [console.warn] BJS - [20:29:05]: The scene must be ready before serializing the dynamic texture
8:29:05 PM [vite] (client) [console.warn] BJS - [20:29:05]: The scene must be ready before serializing the dynamic texture
8:29:05 PM [vite] (client) [console.warn] BJS - [20:29:05]: The scene must be ready before serializing the dynamic texture
8:29:05 PM [vite] (client) [console.warn] BJS - [20:29:05]: The scene must be ready before serializing the dynamic texture
8:29:05 PM [vite] (client) [console.warn] BJS - [20:29:05]: The scene must be ready before serializing the dynamic texture
8:29:05 PM [vite] (client) [console.warn] BJS - [20:29:05]: The scene must be ready before serializing the dynamic texture
8:29:05 PM [vite] (client) [console.warn] BJS - [20:29:05]: The scene must be ready before serializing the dynamic texture
8:29:05 PM [vite] (client) [console.warn] BJS - [20:29:05]: The scene must be ready before serializing the dynamic texture
8:29:05 PM [vite] (client) [console.warn] BJS - [20:29:05]: The scene must be ready before serializing the dynamic texture
8:29:06 PM [vite] (client) [console.warn] BJS - [20:29:06]: The scene must be ready before serializing the dynamic texture
{
  "packages": 84,
  "materials": 171,
  "textures": 50,
  "meshes": 1221,
  "cpuGeometryBytes": 57932888,
  "compressedBytes": 13134923,
  "textureBytes": 5293999
}
