8:02:17 PM [vite] (client) Re-optimizing dependencies because vite config has changed
8:02:32 PM [vite] (client) [console.warn] BJS - [20:02:32]: The scene must be ready before serializing the dynamic texture
8:02:32 PM [vite] (client) [console.warn] BJS - [20:02:32]: The scene must be ready before serializing the dynamic texture
8:02:32 PM [vite] (client) [console.warn] BJS - [20:02:32]: The scene must be ready before serializing the dynamic texture
8:02:32 PM [vite] (client) [console.warn] BJS - [20:02:32]: The scene must be ready before serializing the dynamic texture
8:02:32 PM [vite] (client) [console.warn] BJS - [20:02:32]: The scene must be ready before serializing the dynamic texture
8:02:32 PM [vite] (client) [console.warn] BJS - [20:02:32]: The scene must be ready before serializing the dynamic texture
8:02:32 PM [vite] (client) [console.warn] BJS - [20:02:32]: The scene must be ready before serializing the dynamic texture
8:02:32 PM [vite] (client) [console.warn] BJS - [20:02:32]: The scene must be ready before serializing the dynamic texture
8:02:32 PM [vite] (client) [console.warn] BJS - [20:02:32]: The scene must be ready before serializing the dynamic texture
8:02:32 PM [vite] (client) [console.warn] BJS - [20:02:32]: The scene must be ready before serializing the dynamic texture
8:02:32 PM [vite] (client) [console.warn] BJS - [20:02:32]: The scene must be ready before serializing the dynamic texture
8:02:32 PM [vite] (client) [console.warn] BJS - [20:02:32]: The scene must be ready before serializing the dynamic texture
8:02:32 PM [vite] (client) [console.warn] BJS - [20:02:32]: The scene must be ready before serializing the dynamic texture
8:02:32 PM [vite] (client) [console.warn] BJS - [20:02:32]: The scene must be ready before serializing the dynamic texture
8:02:32 PM [vite] (client) [console.warn] BJS - [20:02:32]: The scene must be ready before serializing the dynamic texture
8:02:32 PM [vite] (client) [console.warn] BJS - [20:02:32]: The scene must be ready before serializing the dynamic texture
8:02:32 PM [vite] (client) [console.warn] BJS - [20:02:32]: The scene must be ready before serializing the dynamic texture
8:02:32 PM [vite] (client) [console.warn] BJS - [20:02:32]: The scene must be ready before serializing the dynamic texture
8:02:32 PM [vite] (client) [console.warn] BJS - [20:02:32]: The scene must be ready before serializing the dynamic texture
8:02:32 PM [vite] (client) [console.warn] BJS - [20:02:32]: The scene must be ready before serializing the dynamic texture
8:02:32 PM [vite] (client) [console.warn] BJS - [20:02:32]: The scene must be ready before serializing the dynamic texture
8:02:32 PM [vite] (client) [console.warn] BJS - [20:02:32]: The scene must be ready before serializing the dynamic texture
8:02:32 PM [vite] (client) [console.warn] BJS - [20:02:32]: The scene must be ready before serializing the dynamic texture
8:02:32 PM [vite] (client) [console.warn] BJS - [20:02:32]: The scene must be ready before serializing the dynamic texture
8:02:32 PM [vite] (client) [console.warn] BJS - [20:02:32]: The scene must be ready before serializing the dynamic texture
8:02:32 PM [vite] (client) [console.warn] BJS - [20:02:32]: The scene must be ready before serializing the dynamic texture
8:02:32 PM [vite] (client) [console.warn] BJS - [20:02:32]: The scene must be ready before serializing the dynamic texture
8:02:32 PM [vite] (client) [console.warn] BJS - [20:02:32]: The scene must be ready before serializing the dynamic texture
8:02:32 PM [vite] (client) [console.warn] BJS - [20:02:32]: The scene must be ready before serializing the dynamic texture
8:02:32 PM [vite] (client) [console.warn] BJS - [20:02:32]: The scene must be ready before serializing the dynamic texture
8:02:32 PM [vite] (client) [console.warn] BJS - [20:02:32]: The scene must be ready before serializing the dynamic texture
8:02:32 PM [vite] (client) [console.warn] BJS - [20:02:32]: The scene must be ready before serializing the dynamic texture
8:02:32 PM [vite] (client) [console.warn] BJS - [20:02:32]: The scene must be ready before serializing the dynamic texture
8:02:32 PM [vite] (client) [console.warn] BJS - [20:02:32]: The scene must be ready before serializing the dynamic texture
8:02:32 PM [vite] (client) [console.warn] BJS - [20:02:32]: The scene must be ready before serializing the dynamic texture
8:02:32 PM [vite] (client) [console.warn] BJS - [20:02:32]: The scene must be ready before serializing the dynamic texture
8:02:32 PM [vite] (client) [console.warn] BJS - [20:02:32]: The scene must be ready before serializing the dynamic texture
8:02:32 PM [vite] (client) [console.warn] BJS - [20:02:32]: The scene must be ready before serializing the dynamic texture
8:02:32 PM [vite] (client) [console.warn] BJS - [20:02:32]: The scene must be ready before serializing the dynamic texture
8:02:32 PM [vite] (client) [console.warn] BJS - [20:02:32]: The scene must be ready before serializing the dynamic texture
8:02:32 PM [vite] (client) [console.warn] BJS - [20:02:32]: The scene must be ready before serializing the dynamic texture
8:02:32 PM [vite] (client) [console.warn] BJS - [20:02:32]: The scene must be ready before serializing the dynamic texture
8:02:32 PM [vite] (client) [console.warn] BJS - [20:02:32]: The scene must be ready before serializing the dynamic texture
8:02:32 PM [vite] (client) [console.warn] BJS - [20:02:32]: The scene must be ready before serializing the dynamic texture
8:02:32 PM [vite] (client) [console.warn] BJS - [20:02:32]: The scene must be ready before serializing the dynamic texture
8:02:32 PM [vite] (client) [console.warn] BJS - [20:02:32]: The scene must be ready before serializing the dynamic texture
8:02:32 PM [vite] (client) [console.warn] BJS - [20:02:32]: The scene must be ready before serializing the dynamic texture
8:02:32 PM [vite] (client) [console.warn] BJS - [20:02:32]: The scene must be ready before serializing the dynamic texture
8:02:32 PM [vite] (client) [console.warn] BJS - [20:02:32]: The scene must be ready before serializing the dynamic texture
8:02:32 PM [vite] (client) [console.warn] BJS - [20:02:32]: The scene must be ready before serializing the dynamic texture
8:02:32 PM [vite] (client) [console.warn] BJS - [20:02:32]: The scene must be ready before serializing the dynamic texture
8:02:32 PM [vite] (client) [console.warn] BJS - [20:02:32]: The scene must be ready before serializing the dynamic texture
8:02:32 PM [vite] (client) [console.warn] BJS - [20:02:32]: The scene must be ready before serializing the dynamic texture
8:02:32 PM [vite] (client) [console.warn] BJS - [20:02:32]: The scene must be ready before serializing the dynamic texture
8:02:32 PM [vite] (client) [console.warn] BJS - [20:02:32]: The scene must be ready before serializing the dynamic texture
8:02:32 PM [vite] (client) [console.warn] BJS - [20:02:32]: The scene must be ready before serializing the dynamic texture
8:02:32 PM [vite] (client) [console.warn] BJS - [20:02:32]: The scene must be ready before serializing the dynamic texture
8:02:32 PM [vite] (client) [console.warn] BJS - [20:02:32]: The scene must be ready before serializing the dynamic texture
8:02:32 PM [vite] (client) [console.warn] BJS - [20:02:32]: The scene must be ready before serializing the dynamic texture
8:02:32 PM [vite] (client) [console.warn] BJS - [20:02:32]: The scene must be ready before serializing the dynamic texture
8:02:32 PM [vite] (client) [console.warn] BJS - [20:02:32]: The scene must be ready before serializing the dynamic texture
8:02:32 PM [vite] (client) [console.warn] BJS - [20:02:32]: The scene must be ready before serializing the dynamic texture
8:02:32 PM [vite] (client) [console.warn] BJS - [20:02:32]: The scene must be ready before serializing the dynamic texture
8:02:32 PM [vite] (client) [console.warn] BJS - [20:02:32]: The scene must be ready before serializing the dynamic texture
8:02:32 PM [vite] (client) [console.warn] BJS - [20:02:32]: The scene must be ready before serializing the dynamic texture
8:02:32 PM [vite] (client) [console.warn] BJS - [20:02:32]: The scene must be ready before serializing the dynamic texture
8:02:32 PM [vite] (client) [console.warn] BJS - [20:02:32]: The scene must be ready before serializing the dynamic texture
8:02:32 PM [vite] (client) [console.warn] BJS - [20:02:32]: The scene must be ready before serializing the dynamic texture
8:02:32 PM [vite] (client) [console.warn] BJS - [20:02:32]: The scene must be ready before serializing the dynamic texture
8:02:32 PM [vite] (client) [console.warn] BJS - [20:02:32]: The scene must be ready before serializing the dynamic texture
8:02:32 PM [vite] (client) [console.warn] BJS - [20:02:32]: The scene must be ready before serializing the dynamic texture
8:02:32 PM [vite] (client) [console.warn] BJS - [20:02:32]: The scene must be ready before serializing the dynamic texture
8:02:32 PM [vite] (client) [console.warn] BJS - [20:02:32]: The scene must be ready before serializing the dynamic texture
8:02:32 PM [vite] (client) [console.warn] BJS - [20:02:32]: The scene must be ready before serializing the dynamic texture
8:02:32 PM [vite] (client) [console.warn] BJS - [20:02:32]: The scene must be ready before serializing the dynamic texture
8:02:32 PM [vite] (client) [console.warn] BJS - [20:02:32]: The scene must be ready before serializing the dynamic texture
8:02:32 PM [vite] (client) [console.warn] BJS - [20:02:32]: The scene must be ready before serializing the dynamic texture
8:02:32 PM [vite] (client) [console.warn] BJS - [20:02:32]: The scene must be ready before serializing the dynamic texture
8:02:32 PM [vite] (client) [console.warn] BJS - [20:02:32]: The scene must be ready before serializing the dynamic texture
8:02:32 PM [vite] (client) [console.warn] BJS - [20:02:32]: The scene must be ready before serializing the dynamic texture
8:02:32 PM [vite] (client) [console.warn] BJS - [20:02:32]: The scene must be ready before serializing the dynamic texture
8:02:32 PM [vite] (client) [console.warn] BJS - [20:02:32]: The scene must be ready before serializing the dynamic texture
8:02:32 PM [vite] (client) [console.warn] BJS - [20:02:32]: The scene must be ready before serializing the dynamic texture
8:02:32 PM [vite] (client) [console.warn] BJS - [20:02:32]: The scene must be ready before serializing the dynamic texture
8:02:32 PM [vite] (client) [console.warn] BJS - [20:02:32]: The scene must be ready before serializing the dynamic texture
8:02:32 PM [vite] (client) [console.warn] BJS - [20:02:32]: The scene must be ready before serializing the dynamic texture
8:02:32 PM [vite] (client) [console.warn] BJS - [20:02:32]: The scene must be ready before serializing the dynamic texture
8:02:32 PM [vite] (client) [console.warn] BJS - [20:02:32]: The scene must be ready before serializing the dynamic texture
8:02:32 PM [vite] (client) [console.warn] BJS - [20:02:32]: The scene must be ready before serializing the dynamic texture
8:02:32 PM [vite] (client) [console.warn] BJS - [20:02:32]: The scene must be ready before serializing the dynamic texture
8:02:32 PM [vite] (client) [console.warn] BJS - [20:02:32]: The scene must be ready before serializing the dynamic texture
8:02:32 PM [vite] (client) [console.warn] BJS - [20:02:32]: The scene must be ready before serializing the dynamic texture
8:02:32 PM [vite] (client) [console.warn] BJS - [20:02:32]: The scene must be ready before serializing the dynamic texture
8:02:32 PM [vite] (client) [console.warn] BJS - [20:02:32]: The scene must be ready before serializing the dynamic texture
8:02:32 PM [vite] (client) [console.warn] BJS - [20:02:32]: The scene must be ready before serializing the dynamic texture
8:02:32 PM [vite] (client) [console.warn] BJS - [20:02:32]: The scene must be ready before serializing the dynamic texture
8:02:32 PM [vite] (client) [console.warn] BJS - [20:02:32]: The scene must be ready before serializing the dynamic texture
8:02:32 PM [vite] (client) [console.warn] BJS - [20:02:32]: The scene must be ready before serializing the dynamic texture
8:02:32 PM [vite] (client) [console.warn] BJS - [20:02:32]: The scene must be ready before serializing the dynamic texture
8:02:32 PM [vite] (client) [console.warn] BJS - [20:02:32]: The scene must be ready before serializing the dynamic texture
8:02:32 PM [vite] (client) [console.warn] BJS - [20:02:32]: The scene must be ready before serializing the dynamic texture
8:02:32 PM [vite] (client) [console.warn] BJS - [20:02:32]: The scene must be ready before serializing the dynamic texture
8:02:32 PM [vite] (client) [console.warn] BJS - [20:02:32]: The scene must be ready before serializing the dynamic texture
8:02:32 PM [vite] (client) [console.warn] BJS - [20:02:32]: The scene must be ready before serializing the dynamic texture
8:02:32 PM [vite] (client) [console.warn] BJS - [20:02:32]: The scene must be ready before serializing the dynamic texture
8:02:32 PM [vite] (client) [console.warn] BJS - [20:02:32]: The scene must be ready before serializing the dynamic texture
8:02:32 PM [vite] (client) [console.warn] BJS - [20:02:32]: The scene must be ready before serializing the dynamic texture
8:02:32 PM [vite] (client) [console.warn] BJS - [20:02:32]: The scene must be ready before serializing the dynamic texture
8:02:32 PM [vite] (client) [console.warn] BJS - [20:02:32]: The scene must be ready before serializing the dynamic texture
8:02:32 PM [vite] (client) [console.warn] BJS - [20:02:32]: The scene must be ready before serializing the dynamic texture
8:02:32 PM [vite] (client) [console.warn] BJS - [20:02:32]: The scene must be ready before serializing the dynamic texture
8:02:32 PM [vite] (client) [console.warn] BJS - [20:02:32]: The scene must be ready before serializing the dynamic texture
8:02:32 PM [vite] (client) [console.warn] BJS - [20:02:32]: The scene must be ready before serializing the dynamic texture
8:02:32 PM [vite] (client) [console.warn] BJS - [20:02:32]: The scene must be ready before serializing the dynamic texture
8:02:32 PM [vite] (client) [console.warn] BJS - [20:02:32]: The scene must be ready before serializing the dynamic texture
{
  "packages": 84,
  "materials": 171,
  "textures": 46,
  "meshes": 1221,
  "cpuGeometryBytes": 57932888,
  "compressedBytes": 13134765,
  "textureBytes": 722275
}
