Assets in public directory cannot be imported from JavaScript.
If you intend to import that asset, put the file in the src directory, and use /src/surfaces/manifest.json instead of /public/surfaces/manifest.json.
If you intend to use the URL of that asset, use /surfaces/manifest.json?url.
9:52:01 PM [vite] (client) [console.warn] BJS - [21:52:01]: The scene must be ready before serializing the dynamic texture
9:52:01 PM [vite] (client) [console.warn] BJS - [21:52:01]: The scene must be ready before serializing the dynamic texture
9:52:01 PM [vite] (client) [console.warn] BJS - [21:52:01]: The scene must be ready before serializing the dynamic texture
9:52:01 PM [vite] (client) [console.warn] BJS - [21:52:01]: The scene must be ready before serializing the dynamic texture
9:52:01 PM [vite] (client) [console.warn] BJS - [21:52:01]: The scene must be ready before serializing the dynamic texture
9:52:01 PM [vite] (client) [console.warn] BJS - [21:52:01]: The scene must be ready before serializing the dynamic texture
9:52:01 PM [vite] (client) [console.warn] BJS - [21:52:01]: The scene must be ready before serializing the dynamic texture
9:52:01 PM [vite] (client) [console.warn] BJS - [21:52:01]: The scene must be ready before serializing the dynamic texture
9:52:01 PM [vite] (client) [console.warn] BJS - [21:52:01]: The scene must be ready before serializing the dynamic texture
9:52:01 PM [vite] (client) [console.warn] BJS - [21:52:01]: The scene must be ready before serializing the dynamic texture
9:52:01 PM [vite] (client) [console.warn] BJS - [21:52:01]: The scene must be ready before serializing the dynamic texture
9:52:01 PM [vite] (client) [console.warn] BJS - [21:52:01]: The scene must be ready before serializing the dynamic texture
9:52:01 PM [vite] (client) [console.warn] BJS - [21:52:01]: The scene must be ready before serializing the dynamic texture
9:52:01 PM [vite] (client) [console.warn] BJS - [21:52:01]: The scene must be ready before serializing the dynamic texture
9:52:01 PM [vite] (client) [console.warn] BJS - [21:52:01]: The scene must be ready before serializing the dynamic texture
9:52:01 PM [vite] (client) [console.warn] BJS - [21:52:01]: The scene must be ready before serializing the dynamic texture
9:52:01 PM [vite] (client) [console.warn] BJS - [21:52:01]: The scene must be ready before serializing the dynamic texture
9:52:01 PM [vite] (client) [console.warn] BJS - [21:52:01]: The scene must be ready before serializing the dynamic texture
9:52:01 PM [vite] (client) [console.warn] BJS - [21:52:01]: The scene must be ready before serializing the dynamic texture
9:52:01 PM [vite] (client) [console.warn] BJS - [21:52:01]: The scene must be ready before serializing the dynamic texture
9:52:01 PM [vite] (client) [console.warn] BJS - [21:52:01]: The scene must be ready before serializing the dynamic texture
9:52:01 PM [vite] (client) [console.warn] BJS - [21:52:01]: The scene must be ready before serializing the dynamic texture
9:52:01 PM [vite] (client) [console.warn] BJS - [21:52:01]: The scene must be ready before serializing the dynamic texture
9:52:01 PM [vite] (client) [console.warn] BJS - [21:52:01]: The scene must be ready before serializing the dynamic texture
9:52:01 PM [vite] (client) [console.warn] BJS - [21:52:01]: The scene must be ready before serializing the dynamic texture
9:52:01 PM [vite] (client) [console.warn] BJS - [21:52:01]: The scene must be ready before serializing the dynamic texture
9:52:01 PM [vite] (client) [console.warn] BJS - [21:52:01]: The scene must be ready before serializing the dynamic texture
9:52:01 PM [vite] (client) [console.warn] BJS - [21:52:01]: The scene must be ready before serializing the dynamic texture
9:52:01 PM [vite] (client) [console.warn] BJS - [21:52:01]: The scene must be ready before serializing the dynamic texture
9:52:01 PM [vite] (client) [console.warn] BJS - [21:52:01]: The scene must be ready before serializing the dynamic texture
9:52:01 PM [vite] (client) [console.warn] BJS - [21:52:01]: The scene must be ready before serializing the dynamic texture
9:52:01 PM [vite] (client) [console.warn] BJS - [21:52:01]: The scene must be ready before serializing the dynamic texture
9:52:01 PM [vite] (client) [console.warn] BJS - [21:52:01]: The scene must be ready before serializing the dynamic texture
9:52:01 PM [vite] (client) [console.warn] BJS - [21:52:01]: The scene must be ready before serializing the dynamic texture
9:52:01 PM [vite] (client) [console.warn] BJS - [21:52:01]: The scene must be ready before serializing the dynamic texture
9:52:01 PM [vite] (client) [console.warn] BJS - [21:52:01]: The scene must be ready before serializing the dynamic texture
9:52:01 PM [vite] (client) [console.warn] BJS - [21:52:01]: The scene must be ready before serializing the dynamic texture
9:52:01 PM [vite] (client) [console.warn] BJS - [21:52:01]: The scene must be ready before serializing the dynamic texture
9:52:01 PM [vite] (client) [console.warn] BJS - [21:52:01]: The scene must be ready before serializing the dynamic texture
9:52:01 PM [vite] (client) [console.warn] BJS - [21:52:01]: The scene must be ready before serializing the dynamic texture
9:52:01 PM [vite] (client) [console.warn] BJS - [21:52:01]: The scene must be ready before serializing the dynamic texture
9:52:01 PM [vite] (client) [console.warn] BJS - [21:52:01]: The scene must be ready before serializing the dynamic texture
9:52:01 PM [vite] (client) [console.warn] BJS - [21:52:01]: The scene must be ready before serializing the dynamic texture
9:52:01 PM [vite] (client) [console.warn] BJS - [21:52:01]: The scene must be ready before serializing the dynamic texture
9:52:01 PM [vite] (client) [console.warn] BJS - [21:52:01]: The scene must be ready before serializing the dynamic texture
9:52:01 PM [vite] (client) [console.warn] BJS - [21:52:01]: The scene must be ready before serializing the dynamic texture
9:52:01 PM [vite] (client) [console.warn] BJS - [21:52:01]: The scene must be ready before serializing the dynamic texture
9:52:01 PM [vite] (client) [console.warn] BJS - [21:52:01]: The scene must be ready before serializing the dynamic texture
9:52:01 PM [vite] (client) [console.warn] BJS - [21:52:01]: The scene must be ready before serializing the dynamic texture
9:52:01 PM [vite] (client) [console.warn] BJS - [21:52:01]: The scene must be ready before serializing the dynamic texture
9:52:01 PM [vite] (client) [console.warn] BJS - [21:52:01]: The scene must be ready before serializing the dynamic texture
9:52:01 PM [vite] (client) [console.warn] BJS - [21:52:01]: The scene must be ready before serializing the dynamic texture
9:52:01 PM [vite] (client) [console.warn] BJS - [21:52:01]: The scene must be ready before serializing the dynamic texture
9:52:01 PM [vite] (client) [console.warn] BJS - [21:52:01]: The scene must be ready before serializing the dynamic texture
9:52:01 PM [vite] (client) [console.warn] BJS - [21:52:01]: The scene must be ready before serializing the dynamic texture
9:52:01 PM [vite] (client) [console.warn] BJS - [21:52:01]: The scene must be ready before serializing the dynamic texture
9:52:01 PM [vite] (client) [console.warn] BJS - [21:52:01]: The scene must be ready before serializing the dynamic texture
9:52:01 PM [vite] (client) [console.warn] BJS - [21:52:01]: The scene must be ready before serializing the dynamic texture
9:52:01 PM [vite] (client) [console.warn] BJS - [21:52:01]: The scene must be ready before serializing the dynamic texture
9:52:01 PM [vite] (client) [console.warn] BJS - [21:52:01]: The scene must be ready before serializing the dynamic texture
9:52:01 PM [vite] (client) [console.warn] BJS - [21:52:01]: The scene must be ready before serializing the dynamic texture
9:52:01 PM [vite] (client) [console.warn] BJS - [21:52:01]: The scene must be ready before serializing the dynamic texture
9:52:01 PM [vite] (client) [console.warn] BJS - [21:52:01]: The scene must be ready before serializing the dynamic texture
9:52:01 PM [vite] (client) [console.warn] BJS - [21:52:01]: The scene must be ready before serializing the dynamic texture
9:52:01 PM [vite] (client) [console.warn] BJS - [21:52:01]: The scene must be ready before serializing the dynamic texture
9:52:01 PM [vite] (client) [console.warn] BJS - [21:52:01]: The scene must be ready before serializing the dynamic texture
9:52:01 PM [vite] (client) [console.warn] BJS - [21:52:01]: The scene must be ready before serializing the dynamic texture
9:52:01 PM [vite] (client) [console.warn] BJS - [21:52:01]: The scene must be ready before serializing the dynamic texture
9:52:01 PM [vite] (client) [console.warn] BJS - [21:52:01]: The scene must be ready before serializing the dynamic texture
9:52:01 PM [vite] (client) [console.warn] BJS - [21:52:01]: The scene must be ready before serializing the dynamic texture
9:52:01 PM [vite] (client) [console.warn] BJS - [21:52:01]: The scene must be ready before serializing the dynamic texture
9:52:01 PM [vite] (client) [console.warn] BJS - [21:52:01]: The scene must be ready before serializing the dynamic texture
9:52:01 PM [vite] (client) [console.warn] BJS - [21:52:01]: The scene must be ready before serializing the dynamic texture
9:52:01 PM [vite] (client) [console.warn] BJS - [21:52:01]: The scene must be ready before serializing the dynamic texture
9:52:01 PM [vite] (client) [console.warn] BJS - [21:52:01]: The scene must be ready before serializing the dynamic texture
9:52:01 PM [vite] (client) [console.warn] BJS - [21:52:01]: The scene must be ready before serializing the dynamic texture
9:52:01 PM [vite] (client) [console.warn] BJS - [21:52:01]: The scene must be ready before serializing the dynamic texture
9:52:01 PM [vite] (client) [console.warn] BJS - [21:52:01]: The scene must be ready before serializing the dynamic texture
9:52:01 PM [vite] (client) [console.warn] BJS - [21:52:01]: The scene must be ready before serializing the dynamic texture
9:52:01 PM [vite] (client) [console.warn] BJS - [21:52:01]: The scene must be ready before serializing the dynamic texture
9:52:01 PM [vite] (client) [console.warn] BJS - [21:52:01]: The scene must be ready before serializing the dynamic texture
9:52:01 PM [vite] (client) [console.warn] BJS - [21:52:01]: The scene must be ready before serializing the dynamic texture
9:52:01 PM [vite] (client) [console.warn] BJS - [21:52:01]: The scene must be ready before serializing the dynamic texture
9:52:01 PM [vite] (client) [console.warn] BJS - [21:52:01]: The scene must be ready before serializing the dynamic texture
9:52:01 PM [vite] (client) [console.warn] BJS - [21:52:01]: The scene must be ready before serializing the dynamic texture
9:52:01 PM [vite] (client) [console.warn] BJS - [21:52:01]: The scene must be ready before serializing the dynamic texture
9:52:01 PM [vite] (client) [console.warn] BJS - [21:52:01]: The scene must be ready before serializing the dynamic texture
9:52:01 PM [vite] (client) [console.warn] BJS - [21:52:01]: The scene must be ready before serializing the dynamic texture
9:52:01 PM [vite] (client) [console.warn] BJS - [21:52:01]: The scene must be ready before serializing the dynamic texture
9:52:01 PM [vite] (client) [console.warn] BJS - [21:52:01]: The scene must be ready before serializing the dynamic texture
9:52:01 PM [vite] (client) [console.warn] BJS - [21:52:01]: The scene must be ready before serializing the dynamic texture
9:52:01 PM [vite] (client) [console.warn] BJS - [21:52:01]: The scene must be ready before serializing the dynamic texture
9:52:01 PM [vite] (client) [console.warn] BJS - [21:52:01]: The scene must be ready before serializing the dynamic texture
9:52:01 PM [vite] (client) [console.warn] BJS - [21:52:01]: The scene must be ready before serializing the dynamic texture
9:52:01 PM [vite] (client) [console.warn] BJS - [21:52:01]: The scene must be ready before serializing the dynamic texture
9:52:01 PM [vite] (client) [console.warn] BJS - [21:52:01]: The scene must be ready before serializing the dynamic texture
9:52:01 PM [vite] (client) [console.warn] BJS - [21:52:01]: The scene must be ready before serializing the dynamic texture
9:52:01 PM [vite] (client) [console.warn] BJS - [21:52:01]: The scene must be ready before serializing the dynamic texture
9:52:01 PM [vite] (client) [console.warn] BJS - [21:52:01]: The scene must be ready before serializing the dynamic texture
9:52:01 PM [vite] (client) [console.warn] BJS - [21:52:01]: The scene must be ready before serializing the dynamic texture
9:52:01 PM [vite] (client) [console.warn] BJS - [21:52:01]: The scene must be ready before serializing the dynamic texture
9:52:01 PM [vite] (client) [console.warn] BJS - [21:52:01]: The scene must be ready before serializing the dynamic texture
9:52:01 PM [vite] (client) [console.warn] BJS - [21:52:01]: The scene must be ready before serializing the dynamic texture
9:52:01 PM [vite] (client) [console.warn] BJS - [21:52:01]: The scene must be ready before serializing the dynamic texture
9:52:01 PM [vite] (client) [console.warn] BJS - [21:52:01]: The scene must be ready before serializing the dynamic texture
9:52:01 PM [vite] (client) [console.warn] BJS - [21:52:01]: The scene must be ready before serializing the dynamic texture
9:52:01 PM [vite] (client) [console.warn] BJS - [21:52:01]: The scene must be ready before serializing the dynamic texture
9:52:01 PM [vite] (client) [console.warn] BJS - [21:52:01]: The scene must be ready before serializing the dynamic texture
9:52:01 PM [vite] (client) [console.warn] BJS - [21:52:01]: The scene must be ready before serializing the dynamic texture
9:52:01 PM [vite] (client) [console.warn] BJS - [21:52:01]: The scene must be ready before serializing the dynamic texture
9:52:01 PM [vite] (client) [console.warn] BJS - [21:52:01]: The scene must be ready before serializing the dynamic texture
9:52:01 PM [vite] (client) [console.warn] BJS - [21:52:01]: The scene must be ready before serializing the dynamic texture
9:52:01 PM [vite] (client) [console.warn] BJS - [21:52:01]: The scene must be ready before serializing the dynamic texture
9:52:01 PM [vite] (client) [console.warn] BJS - [21:52:01]: The scene must be ready before serializing the dynamic texture
9:52:01 PM [vite] (client) [console.warn] BJS - [21:52:01]: The scene must be ready before serializing the dynamic texture
9:52:01 PM [vite] (client) [console.warn] BJS - [21:52:01]: The scene must be ready before serializing the dynamic texture
9:52:01 PM [vite] (client) [console.warn] BJS - [21:52:01]: The scene must be ready before serializing the dynamic texture
9:52:01 PM [vite] (client) [console.warn] BJS - [21:52:01]: The scene must be ready before serializing the dynamic texture
9:52:01 PM [vite] (client) [console.warn] BJS - [21:52:01]: The scene must be ready before serializing the dynamic texture
9:52:01 PM [vite] (client) [console.warn] BJS - [21:52:01]: The scene must be ready before serializing the dynamic texture
9:52:01 PM [vite] (client) [console.warn] BJS - [21:52:01]: The scene must be ready before serializing the dynamic texture
9:52:01 PM [vite] (client) [console.warn] BJS - [21:52:01]: The scene must be ready before serializing the dynamic texture
9:52:01 PM [vite] (client) [console.warn] BJS - [21:52:01]: The scene must be ready before serializing the dynamic texture
9:52:01 PM [vite] (client) [console.warn] BJS - [21:52:01]: The scene must be ready before serializing the dynamic texture
9:52:01 PM [vite] (client) [console.warn] BJS - [21:52:01]: The scene must be ready before serializing the dynamic texture
9:52:01 PM [vite] (client) [console.warn] BJS - [21:52:01]: The scene must be ready before serializing the dynamic texture
9:52:01 PM [vite] (client) [console.warn] BJS - [21:52:01]: The scene must be ready before serializing the dynamic texture
9:52:01 PM [vite] (client) [console.warn] BJS - [21:52:01]: The scene must be ready before serializing the dynamic texture
9:52:01 PM [vite] (client) [console.warn] BJS - [21:52:01]: The scene must be ready before serializing the dynamic texture
{
  "packages": 138,
  "materials": 190,
  "textures": 56,
  "meshes": 1920,
  "cpuGeometryBytes": 75149512,
  "compressedBytes": 17456841,
  "textureBytes": 5387386
}
9:52:07 PM [vite] (client) page reload scripts/characters/interaction/preview.html
