
> miami-streamed-api-preview@0.0.1 build
> tsc --noEmit && vite build

vite v8.2.2 building client environment for production...
transforming...
✓ 997 modules transformed.
rendering chunks...
computing gzip size...
dist/index.html                                                            7.10 kB │ gzip:   2.34 kB
dist/assets/index-zSXwwKye.css                                             2.71 kB │ gzip:   1.14 kB
dist/assets/typeStore-Cu_sj2zM.js                                          0.08 kB │ gzip:   0.08 kB
dist/assets/guid-BXdVC_j_.js                                               0.15 kB │ gzip:   0.14 kB
dist/assets/flowGraphExecutionBlockWithOutSignal-DBUTnDdi.js               0.15 kB │ gzip:   0.15 kB
dist/assets/mainUVVaryingDeclaration-BBamQlxR.js                           0.22 kB │ gzip:   0.19 kB
dist/assets/mainUVVaryingDeclaration-B_7d0nc3.js                           0.23 kB │ gzip:   0.19 kB
dist/assets/domManagement-BqltO0ki.js                                      0.25 kB │ gzip:   0.17 kB
dist/assets/logDepthDeclaration-3gXGtHbI.js                                0.27 kB │ gzip:   0.22 kB
dist/assets/meshUboDeclaration-BATNZvmb.js                                 0.27 kB │ gzip:   0.23 kB
dist/assets/logDepthDeclaration-DYYUVTrx.js                                0.28 kB │ gzip:   0.22 kB
dist/assets/math.axis-BLc5ro1-.js                                          0.28 kB │ gzip:   0.21 kB
dist/assets/flowGraphUnaryOperationBlock-BHoDp6Lw.js                       0.30 kB │ gzip:   0.22 kB
dist/assets/pass.fragment-Cvd2TCWC.js                                      0.31 kB │ gzip:   0.25 kB
dist/assets/meshUboDeclaration-BmNu2KU_.js                                 0.34 kB │ gzip:   0.25 kB
dist/assets/flowGraphKeyUpEventBlock.pure-BBnqHEFJ.js                      0.35 kB │ gzip:   0.23 kB
dist/assets/keyboardEvents-CGYiptFb.js                                     0.35 kB │ gzip:   0.20 kB
dist/assets/sceneUboDeclaration-B5VhSG0v.js                                0.36 kB │ gzip:   0.26 kB
dist/assets/flowGraphBinaryOperationBlock-DS7Vneq_.js                      0.37 kB │ gzip:   0.24 kB
dist/assets/flowGraphTernaryOperationBlock-DLY5LaLn.js                     0.41 kB │ gzip:   0.24 kB
dist/assets/sceneUboDeclaration-B96Tfx7b.js                                0.43 kB │ gzip:   0.27 kB
dist/assets/flowGraphGLTFDataProvider-D2_0oyYY.js                          0.45 kB │ gzip:   0.29 kB
dist/assets/postprocess.vertex-DJCmMhI8.js                                 0.46 kB │ gzip:   0.30 kB
dist/assets/shaderStore-D-XQlhUT.js                                        0.46 kB │ gzip:   0.17 kB
dist/assets/procedural.vertex-C47TVAon.js                                  0.47 kB │ gzip:   0.29 kB
dist/assets/flowGraphCodeExecutionBlock-DOAjEIWQ.js                        0.47 kB │ gzip:   0.27 kB
dist/assets/performanceConfigurator-UtxC_Odd.js                            0.50 kB │ gzip:   0.25 kB
dist/assets/rgbdEncode.fragment-CVg4Fcse.js                                0.51 kB │ gzip:   0.33 kB
dist/assets/rgbdDecode.fragment-Cdz2Tveq.js                                0.52 kB │ gzip:   0.34 kB
dist/assets/bumpVertex-CWhdIpqj.js                                         0.52 kB │ gzip:   0.32 kB
dist/assets/flowGraphGetSoundVolumeBlock.pure-DrIfZm-r.js                  0.52 kB │ gzip:   0.31 kB
dist/assets/flowGraphConstantBlock.pure-DzNZlxb6.js                        0.53 kB │ gzip:   0.31 kB
dist/assets/flowGraphIsSoundPlayingBlock.pure-BTdOs8cj.js                  0.54 kB │ gzip:   0.32 kB
dist/assets/flowGraphInteger.pure-CZmJgkLp.js                              0.55 kB │ gzip:   0.29 kB
dist/assets/flowGraphPauseAnimationBlock.pure-B1ULOO8-.js                  0.56 kB │ gzip:   0.32 kB
dist/assets/postprocess.vertex-CmVXXq2T.js                                 0.58 kB │ gzip:   0.35 kB
dist/assets/flowGraphGetVariableBlock.pure-DyEl7pwk.js                     0.58 kB │ gzip:   0.33 kB
dist/assets/flowGraphContextBlock.pure-aCJTHE8g.js                         0.58 kB │ gzip:   0.32 kB
dist/assets/flowGraphStopSoundBlock.pure-CwRVdbwR.js                       0.60 kB │ gzip:   0.35 kB
dist/assets/flowGraphKeyDownEventBlock.pure-DpvmlAuK.js                    0.60 kB │ gzip:   0.35 kB
dist/assets/procedural.vertex-D3o6xkF2.js                                  0.61 kB │ gzip:   0.34 kB
dist/assets/flowGraphBranchBlock.pure-D2Ao48XO.js                          0.62 kB │ gzip:   0.33 kB
dist/assets/logDepthVertex-CksyN44U.js                                     0.62 kB │ gzip:   0.34 kB
dist/assets/rgbdEncode.fragment-CxPSfrvR.js                                0.65 kB │ gzip:   0.37 kB
dist/assets/flowGraphPauseSoundBlock.pure-CpodRuEP.js                      0.65 kB │ gzip:   0.38 kB
dist/assets/rgbdDecode.fragment-DXl2fYur.js                                0.66 kB │ gzip:   0.38 kB
dist/assets/flowGraphAsyncExecutionBlock-xEVi8lcb.js                       0.66 kB │ gzip:   0.34 kB
dist/assets/flowGraphConditionalDataBlock.pure-DLb3UbR1.js                 0.67 kB │ gzip:   0.34 kB
dist/assets/flowGraphIndexOfBlock.pure-CsNZA85e.js                         0.69 kB │ gzip:   0.37 kB
dist/assets/bumpVertex-DRq4BZvD.js                                         0.69 kB │ gzip:   0.38 kB
dist/assets/flowGraphSetSoundVolumeBlock.pure-6NRHoHkL.js                  0.70 kB │ gzip:   0.37 kB
dist/assets/flowGraphSceneReadyEventBlock.pure-CRxmmmDu.js                 0.70 kB │ gzip:   0.38 kB
dist/assets/flowGraphStopEventPropagationBlock.pure-D2M08_pV.js            0.70 kB │ gzip:   0.37 kB
dist/assets/flowGraphSetLinearVelocityBlock.pure-D8FU_6DB.js               0.73 kB │ gzip:   0.39 kB
dist/assets/flowGraphCounterBlock.pure-BSIBX5Xf.js                         0.73 kB │ gzip:   0.38 kB
dist/assets/flowGraphGetLinearVelocityBlock.pure-0T5QFsv5.js               0.73 kB │ gzip:   0.40 kB
dist/assets/flowGraphAssetsContext-WtUyuDAI.js                             0.73 kB │ gzip:   0.27 kB
dist/assets/flowGraphSetAngularVelocityBlock.pure-BCtsYiDu.js              0.73 kB │ gzip:   0.39 kB
dist/assets/flowGraphGetAngularVelocityBlock.pure-C0gv_oKR.js              0.74 kB │ gzip:   0.40 kB
dist/assets/flowGraphSetPhysicsMotionTypeBlock.pure-tBlCN1Q5.js            0.74 kB │ gzip:   0.39 kB
dist/assets/flowGraphFunctionReferenceBlock.pure-BcK-RyB5.js               0.75 kB │ gzip:   0.38 kB
dist/assets/pointerEvents-D6S0mOyT.js                                      0.75 kB │ gzip:   0.40 kB
dist/assets/flowGraphFlipFlopBlock.pure-mR-DgKfT.js                        0.76 kB │ gzip:   0.40 kB
dist/assets/flowGraphApplyForceBlock.pure-DVpdnf9P.js                      0.77 kB │ gzip:   0.41 kB
dist/assets/flowGraphApplyImpulseBlock.pure-DNsZN6rQ.js                    0.79 kB │ gzip:   0.41 kB
dist/assets/flowGraphGetAssetBlock.pure-fyosrNHK.js                        0.80 kB │ gzip:   0.42 kB
dist/assets/flowGraphCancelDelayBlock.pure-BKJxpkvq.js                     0.80 kB │ gzip:   0.47 kB
dist/assets/logDepthVertex-DaIBRo0c.js                                     0.81 kB │ gzip:   0.40 kB
dist/assets/flowGraphSequenceBlock.pure-BycqaBvl.js                        0.82 kB │ gzip:   0.39 kB
dist/assets/flowGraphGetPhysicsMassPropertiesBlock.pure-Chu5WDhk.js        0.83 kB │ gzip:   0.39 kB
dist/assets/flowGraphDebounceBlock.pure-DoMiyHYY.js                        0.87 kB │ gzip:   0.42 kB
dist/assets/flowGraphPlaySoundBlock.pure-D-Yy1acw.js                       0.88 kB │ gzip:   0.44 kB
dist/assets/flowGraphSceneTickEventBlock.pure-D0HSr28X.js                  0.89 kB │ gzip:   0.42 kB
dist/assets/flowGraphPointerOutEventBlock.pure-BgrWJkWX.js                 0.90 kB │ gzip:   0.45 kB
dist/assets/math.size-BHZaDYSv.js                                          0.91 kB │ gzip:   0.37 kB
dist/assets/flowGraphCachedOperationBlock-Cx5EXUVM.js                      0.91 kB │ gzip:   0.42 kB
dist/assets/flowGraphPointerOverEventBlock.pure-SxqWNs8I.js                0.91 kB │ gzip:   0.46 kB
dist/assets/flowGraphDoNBlock.pure-CuQ7_HNX.js                             0.91 kB │ gzip:   0.45 kB
dist/assets/mesh.vertexData.functions-CD4JOR2q.js                          0.93 kB │ gzip:   0.48 kB
dist/assets/flowGraphArrayIndexBlock.pure-RMVoyF9v.js                      0.93 kB │ gzip:   0.47 kB
dist/assets/flowGraphGetPropertyBlock.pure-CP1IKLjV.js                     0.95 kB │ gzip:   0.45 kB
dist/assets/flowGraphDataSwitchBlock.pure-DsdT2VVB.js                      0.96 kB │ gzip:   0.48 kB
dist/assets/flowGraphPointerUpEventBlock.pure-D9MHV_0o.js                  1.00 kB │ gzip:   0.47 kB
dist/assets/flowGraphKeyboardEventBlock-YAOPI0yx.js                        1.00 kB │ gzip:   0.41 kB
dist/assets/flowGraphWhileLoopBlock.pure-r6iP_fFc.js                       1.00 kB │ gzip:   0.49 kB
dist/assets/flowGraphPointerDownEventBlock.pure-BTgatRC9.js                1.01 kB │ gzip:   0.48 kB
dist/assets/flowGraphSendCustomEventBlock.pure-D8FqS652.js                 1.01 kB │ gzip:   0.50 kB
dist/assets/flowGraphPointerMoveEventBlock.pure-BmvPo822.js                1.03 kB │ gzip:   0.48 kB
dist/assets/flowGraphSoundEndedEventBlock.pure-DZPzXeaC.js                 1.03 kB │ gzip:   0.47 kB
dist/assets/flowGraphTransformCoordinatesSystemBlock.pure-CTG0j-VI.js      1.04 kB │ gzip:   0.46 kB
dist/assets/harmonicsFunctions-QSz_WdsQ.js                                 1.12 kB │ gzip:   0.49 kB
dist/assets/clipPlaneVertex-C59BO8JS.js                                    1.17 kB │ gzip:   0.34 kB
dist/assets/clipPlaneFragment-DVK0wgyZ.js                                  1.17 kB │ gzip:   0.35 kB
dist/assets/smartArray-BRfcgNbX.js                                         1.18 kB │ gzip:   0.44 kB
dist/assets/flowGraphSwitchBlock.pure-BsVqokBR.js                          1.24 kB │ gzip:   0.55 kB
dist/assets/flowGraphIsKeyPressedBlock.pure-DM5_wMAU.js                    1.27 kB │ gzip:   0.51 kB
dist/assets/clipPlaneFragment-Ct2VqHzk.js                                  1.27 kB │ gzip:   0.37 kB
dist/assets/ddsTextureLoader-DtHgJ87i.js                                   1.27 kB │ gzip:   0.62 kB
dist/assets/halfFloat-Ce77JD5z.js                                          1.29 kB │ gzip:   0.60 kB
dist/assets/fogFragment-Bw05Ux0E.js                                        1.29 kB │ gzip:   0.58 kB
dist/assets/flowGraphSetVariableBlock.pure-CdBYNITW.js                     1.31 kB │ gzip:   0.63 kB
dist/assets/flowGraphTypeToTypeBlocks.pure-CYS0G2vH.js                     1.32 kB │ gzip:   0.48 kB
dist/assets/clipPlaneVertex-DKhVm1NW.js                                    1.35 kB │ gzip:   0.37 kB
dist/assets/harmonicsFunctions-CMr56qfT.js                                 1.42 kB │ gzip:   0.52 kB
dist/assets/flowGraphBezierCurveEasingBlock.pure-OxxDqgCK.js               1.42 kB │ gzip:   0.71 kB
dist/assets/flowGraphThrottleBlock.pure-DLe-uEoL.js                        1.46 kB │ gzip:   0.55 kB
dist/assets/fogFragment-Dqlv8okl.js                                        1.46 kB │ gzip:   0.63 kB
dist/assets/flowGraphDebugBlock.pure-BEITV-EK.js                           1.48 kB │ gzip:   0.64 kB
dist/assets/flowGraphMeshPickEventBlock.pure-Byk6pKPw.js                   1.49 kB │ gzip:   0.62 kB
dist/assets/flowGraphSetPropertyBlock.pure-AwsndsBr.js                     1.49 kB │ gzip:   0.70 kB
dist/assets/flowGraphForLoopBlock.pure-wAGpP23e.js                         1.51 kB │ gzip:   0.68 kB
dist/assets/flowGraphConsoleLogBlock.pure-BRWGvh15.js                      1.52 kB │ gzip:   0.74 kB
dist/assets/flowGraphWaitAllBlock.pure-7d-6wYgs.js                         1.67 kB │ gzip:   0.68 kB
dist/assets/flowGraphEasingBlock.pure-Ckz-964T.js                          1.68 kB │ gzip:   0.75 kB
dist/assets/envTextureLoader-coCA5HEh.js                                   1.69 kB │ gzip:   0.66 kB
dist/assets/flowGraphPhysicsCollisionEventBlock.pure-CqyoBQfm.js           1.74 kB │ gzip:   0.68 kB
dist/assets/gaussianSplattingVoxel.fragment-B_Om6CDx.js                    1.75 kB │ gzip:   0.59 kB
dist/assets/flowGraphMultiGateBlock.pure-5VhVDdR8.js                       1.78 kB │ gzip:   0.76 kB
dist/assets/pbrUboDeclaration--xFZEw0i.js                                  1.80 kB │ gzip:   0.67 kB
dist/assets/math.plane-DyzwawOZ.js                                         1.81 kB │ gzip:   0.76 kB
dist/assets/drawWrapper-DD3NGxQW.js                                        1.86 kB │ gzip:   0.98 kB
dist/assets/logger-CuBYPcDK.js                                             1.88 kB │ gzip:   0.82 kB
dist/assets/gaussianSplattingVoxel.vertex-C8zzfh1o.js                      1.89 kB │ gzip:   0.76 kB
dist/assets/gaussianSplattingVoxel.fragment-C65sY-Bh.js                    1.97 kB │ gzip:   0.87 kB
dist/assets/flowGraphStopAnimationBlock.pure-DV3h42y7.js                   2.01 kB │ gzip:   0.74 kB
dist/assets/gaussianSplatting.fragment-DE2F5LTB.js                         2.07 kB │ gzip:   0.86 kB
dist/assets/flowGraphInterpolationBlock.pure-Cftf-DtE.js                   2.14 kB │ gzip:   0.88 kB
dist/assets/math.scalar.functions-D-i-XBaP.js                              2.19 kB │ gzip:   1.02 kB
dist/assets/gaussianSplatting.fragment-BjXAZIxw.js                         2.26 kB │ gzip:   0.89 kB
dist/assets/flowGraphReceiveCustomEventBlock.pure-du_fcGrj.js              2.27 kB │ gzip:   0.91 kB
dist/assets/hdrTextureLoader-BQVwkxK1.js                                   2.31 kB │ gzip:   1.13 kB
dist/assets/pbrUboDeclaration-oed3_f2e.js                                  2.39 kB │ gzip:   0.66 kB
dist/assets/iesTextureLoader-BcYbPJsH.js                                   2.47 kB │ gzip:   1.07 kB
dist/assets/flowGraphExecutionBlock-DeWKHlz-.js                            2.52 kB │ gzip:   0.87 kB
dist/assets/gaussianSplattingVoxel.vertex-BraJXBHO.js                      2.60 kB │ gzip:   0.91 kB
dist/assets/tgaTextureLoader-CqhhocF6.js                                   3.40 kB │ gzip:   1.35 kB
dist/assets/textureProcessor.fragment-D-awtrDP.js                          3.49 kB │ gzip:   1.00 kB
dist/assets/engineStore-Bn2tApal.js                                        3.51 kB │ gzip:   1.21 kB
dist/assets/cubemapToSphericalPolynomial-BOXMI1WG.js                       3.67 kB │ gzip:   1.61 kB
dist/assets/decorators-fDfADjmY.js                                         3.80 kB │ gzip:   1.56 kB
dist/assets/openpbrUboDeclaration-CbPGRvOI.js                              3.87 kB │ gzip:   1.03 kB
dist/assets/gaussianSplatting.vertex-CQ9PzzOR.js                           3.99 kB │ gzip:   1.40 kB
dist/assets/dumpTools.pure-B8iJV-oQ.js                                     4.03 kB │ gzip:   1.90 kB
dist/assets/flowGraphJsonPointerParserBlock.pure-D1pmLqvk.js               4.24 kB │ gzip:   1.65 kB
dist/assets/textureProcessor.fragment-B-hqHgey.js                          4.37 kB │ gzip:   1.18 kB
dist/assets/flowGraphSetDelayBlock.pure-DviuuboV.js                        4.70 kB │ gzip:   1.66 kB
dist/assets/decorators.serialization-DR5WQV0V.js                           4.72 kB │ gzip:   1.78 kB
dist/assets/flowGraphMatrixMathBlocks.pure-CDAhXPPC.js                     4.74 kB │ gzip:   1.50 kB
dist/assets/flowGraphPlayAnimationBlock.pure-CcshrHGf.js                   4.84 kB │ gzip:   1.55 kB
dist/assets/gaussianSplatting.vertex-DKugb1Bw.js                           4.90 kB │ gzip:   1.53 kB
dist/assets/openpbrUboDeclaration-Dnhi8mvk.js                              5.22 kB │ gzip:   1.05 kB
dist/assets/sphericalPolynomial.pure-FRlq_SN0.js                           5.73 kB │ gzip:   1.35 kB
dist/assets/helperFunctions-BH8P-eyq.js                                    6.48 kB │ gzip:   2.18 kB
dist/assets/helperFunctions-gEnZbjN3.js                                    6.81 kB │ gzip:   2.31 kB
dist/assets/bumpFragment-BrQB2GBa.js                                       6.86 kB │ gzip:   2.41 kB
dist/assets/dds.pure-CAJqOB7C.js                                           6.93 kB │ gzip:   2.54 kB
dist/assets/reflectionFunction-BvoxEfKw.js                                 7.13 kB │ gzip:   1.77 kB
dist/assets/vertexColorMixing-Dr2MLCTE.js                                  7.21 kB │ gzip:   1.79 kB
dist/assets/buffer.pure-BiYRUuCu.js                                        7.40 kB │ gzip:   2.43 kB
dist/assets/internalTexture-Dlz1Grf0.js                                    7.68 kB │ gzip:   1.99 kB
dist/assets/geometry.vertex-DQfBkC5b.js                                    7.79 kB │ gzip:   1.93 kB
dist/assets/flowGraphVectorMathBlocks.pure-DY4awRJ0.js                     7.88 kB │ gzip:   2.50 kB
dist/assets/reflectionFunction-DYtFqouG.js                                 7.89 kB │ gzip:   1.82 kB
dist/assets/bumpFragment-DB-JU_0p.js                                       8.06 kB │ gzip:   2.52 kB
dist/assets/flowGraphMathCombineExtractBlocks.pure-DupmLKCc.js             8.07 kB │ gzip:   1.22 kB
dist/assets/basisTextureLoader-asRyvQ4t.js                                 8.15 kB │ gzip:   3.17 kB
dist/assets/effectRenderer.pure-BUwp512Y.js                                8.36 kB │ gzip:   2.47 kB
dist/assets/geometry.fragment-C1oO8oB_.js                                  8.42 kB │ gzip:   2.60 kB
dist/assets/geometry.vertex-DMj7X5vn.js                                    8.99 kB │ gzip:   1.99 kB
dist/assets/geometry.fragment-BOEL3Axu.js                                 10.36 kB │ gzip:   2.81 kB
dist/assets/node-CLvu7PsQ.js                                              11.52 kB │ gzip:   3.13 kB
dist/assets/constants-DNxlZnxc.js                                         11.69 kB │ gzip:   3.17 kB
dist/assets/pbrBRDFFunctions-BCNINF-p.js                                  11.93 kB │ gzip:   4.14 kB
dist/assets/pbrBRDFFunctions-DxfbxN23.js                                  12.76 kB │ gzip:   4.32 kB
dist/assets/bakedVertexAnimation-BTMuj2Y7.js                              12.91 kB │ gzip:   2.45 kB
dist/assets/exrTextureLoader-CCalWuUi.js                                  13.14 kB │ gzip:   4.83 kB
dist/assets/flowGraphBlock-Qq8kq6Qw.js                                    13.33 kB │ gzip:   3.94 kB
dist/assets/tools.functions-Bxv5dhZ_.js                                   13.49 kB │ gzip:   4.78 kB
dist/assets/gaussianSplatting-Dq1CpTgZ.js                                 14.39 kB │ gzip:   4.34 kB
dist/assets/gaussianSplatting-vJ6yzDcm.js                                 14.70 kB │ gzip:   4.54 kB
dist/assets/pbr.vertex-wbXs68Fk.js                                        14.72 kB │ gzip:   3.15 kB
dist/assets/baseTexture.pure-D8nkuRwu.js                                  15.09 kB │ gzip:   3.84 kB
dist/assets/ktxTextureLoader-BSi2AppZ.js                                  15.17 kB │ gzip:   4.40 kB
dist/assets/animation.pure-DXCubYUV.js                                    15.29 kB │ gzip:   3.99 kB
dist/assets/lightConstants-CyPr9fQh.js                                    15.78 kB │ gzip:   3.50 kB
dist/assets/bakedVertexAnimation-Ch1rBsCD.js                              15.83 kB │ gzip:   2.60 kB
dist/assets/pbr.vertex-ckcT911D.js                                        17.20 kB │ gzip:   3.64 kB
dist/assets/openpbr.vertex-BUIpPCYM.js                                    17.32 kB │ gzip:   3.34 kB
dist/assets/openpbrTransmissionLayerData-BRi1vGnu.js                      17.35 kB │ gzip:   4.01 kB
dist/assets/sceneComponent-B7AxZCjq.js                                    17.94 kB │ gzip:   4.86 kB
dist/assets/postProcess.pure-BMf0iBx9.js                                  18.44 kB │ gzip:   5.07 kB
dist/assets/openpbrTransmissionLayerData-CbssVoWF.js                      18.46 kB │ gzip:   4.15 kB
dist/assets/texture.pure-CA-v5naP.js                                      19.46 kB │ gzip:   5.40 kB
dist/assets/openpbr.vertex-Dwyw40LH.js                                    20.67 kB │ gzip:   4.01 kB
dist/assets/flowGraphMathBlocks.pure-DR-JsmpF.js                          20.86 kB │ gzip:   4.70 kB
dist/assets/vertexColorMixing-DDm8Hlj6.js                                 22.11 kB │ gzip:   3.55 kB
dist/assets/renderTargetTexture.pure-DWgkHZKb.js                          31.75 kB │ gzip:   7.82 kB
dist/assets/tools.pure-YFNGuF4f.js                                        33.96 kB │ gzip:  11.01 kB
dist/assets/animationGroup.pure-DbzBg8es.js                               35.21 kB │ gzip:   8.89 kB
dist/assets/abstractEngine.pure-DQDjnDfk.js                               59.26 kB │ gzip:  14.51 kB
dist/assets/thinEngine.pure-D-a53Piw.js                                   66.94 kB │ gzip:  16.81 kB
dist/assets/imageProcessing-DSFSStjy.js                                   71.43 kB │ gzip:  47.66 kB
dist/assets/math.color.pure-BmtjFya4.js                                   76.94 kB │ gzip:  18.43 kB
dist/assets/material.pure-CbVBQZCE.js                                     78.83 kB │ gzip:  20.25 kB
dist/assets/openpbr.fragment-C18ZRnAd.js                                  88.03 kB │ gzip:  17.56 kB
dist/assets/pbrDebug-yodt4odg.js                                          88.39 kB │ gzip:  18.80 kB
dist/assets/openpbr.fragment-ChT5taYj.js                                  90.52 kB │ gzip:  17.63 kB
dist/assets/pbrDebug-CKnVyBIk.js                                          97.55 kB │ gzip:  20.50 kB
dist/assets/pbr.fragment-Cfk-D5C9.js                                     116.12 kB │ gzip:  19.64 kB
dist/assets/pbr.fragment-BK8yUE7z.js                                     117.12 kB │ gzip:  20.63 kB
dist/assets/openpbrMaterial.pure-DJ7ztCu0.js                             119.74 kB │ gzip:  25.95 kB
dist/assets/pbrMaterial.pure-DaDgZm2t.js                                 149.04 kB │ gzip:  28.42 kB
dist/assets/index-BiDhXOrW.js                                          1,303.06 kB │ gzip: 304.82 kB

✓ built in 577ms
[plugin builtin:vite-reporter] 
(!) Some chunks are larger than 500 kB after minification. Consider:
- Using dynamic import() to code-split the application
- Use build.rolldownOptions.output.codeSplitting to improve chunking: https://rolldown.rs/reference/OutputOptions.codeSplitting
- Adjust chunk size limit for this warning via build.chunkSizeWarningLimit.
