
> miami-streamed-api-preview@0.0.1 build
> tsc --noEmit && vite build

vite v8.2.2 building client environment for production...
transforming...
✓ 1200 modules transformed.
rendering chunks...
computing gzip size...
dist/index.html                                                            9.08 kB │ gzip:   2.95 kB
dist/assets/glslang-DqqdIFnr.js                                           16.03 kB
dist/assets/twgsl-DqdFeK3J.js                                             74.55 kB
dist/assets/glslang-G7Yt_-32.wasm                                        943.68 kB │ gzip: 304.90 kB
dist/assets/twgsl-CB--yrSG.wasm                                        1,702.91 kB │ gzip: 600.20 kB
dist/assets/index-t4RbnChn.css                                             3.10 kB │ gzip:   1.23 kB
dist/assets/typeStore-Cu_sj2zM.js                                          0.08 kB │ gzip:   0.08 kB
dist/assets/abstractAudioBus-CETfF0E-.js                                   0.11 kB │ gzip:   0.13 kB
dist/assets/guid-BXdVC_j_.js                                               0.15 kB │ gzip:   0.14 kB
dist/assets/flowGraphExecutionBlockWithOutSignal-CBxYQjvw.js               0.15 kB │ gzip:   0.15 kB
dist/assets/precisionDate-Uyb-ubD0.js                                      0.18 kB │ gzip:   0.14 kB
dist/assets/kernelBlurVaryingDeclaration-DP2Wr9Oc.js                       0.21 kB │ gzip:   0.17 kB
dist/assets/kernelBlurVaryingDeclaration-g2Ge9lzd.js                       0.22 kB │ gzip:   0.18 kB
dist/assets/mainUVVaryingDeclaration-BBamQlxR.js                           0.22 kB │ gzip:   0.19 kB
dist/assets/mainUVVaryingDeclaration-B_7d0nc3.js                           0.23 kB │ gzip:   0.19 kB
dist/assets/domManagement-BqltO0ki.js                                      0.25 kB │ gzip:   0.17 kB
dist/assets/logDepthDeclaration-3gXGtHbI.js                                0.27 kB │ gzip:   0.22 kB
dist/assets/logDepthDeclaration-DYYUVTrx.js                                0.28 kB │ gzip:   0.22 kB
dist/assets/math.axis-BDXenqPp.js                                          0.28 kB │ gzip:   0.21 kB
dist/assets/flowGraphUnaryOperationBlock-CtqcWpSr.js                       0.30 kB │ gzip:   0.22 kB
dist/assets/pass.fragment-Cvd2TCWC.js                                      0.31 kB │ gzip:   0.25 kB
dist/assets/meshUboDeclaration-BmNu2KU_.js                                 0.34 kB │ gzip:   0.25 kB
dist/assets/flowGraphKeyUpEventBlock.pure-BrH6-uYi.js                      0.35 kB │ gzip:   0.23 kB
dist/assets/keyboardEvents-CGYiptFb.js                                     0.35 kB │ gzip:   0.20 kB
dist/assets/engineStore-e38OvQA7.js                                        0.36 kB │ gzip:   0.22 kB
dist/assets/sceneUboDeclaration-B5VhSG0v.js                                0.36 kB │ gzip:   0.26 kB
dist/assets/flowGraphBinaryOperationBlock-BUOtl0t8.js                      0.37 kB │ gzip:   0.24 kB
dist/assets/flowGraphTernaryOperationBlock-ClZMmld5.js                     0.41 kB │ gzip:   0.24 kB
dist/assets/glowMapMerge.vertex-XcoH38fZ.js                                0.43 kB │ gzip:   0.29 kB
dist/assets/flowGraphGLTFDataProvider-BmmNBk8p.js                          0.45 kB │ gzip:   0.28 kB
dist/assets/postprocess.vertex-DJCmMhI8.js                                 0.46 kB │ gzip:   0.30 kB
dist/assets/shaderStore-D-XQlhUT.js                                        0.46 kB │ gzip:   0.17 kB
dist/assets/procedural.vertex-C47TVAon.js                                  0.47 kB │ gzip:   0.29 kB
dist/assets/flowGraphCodeExecutionBlock-Bpx6gTKh.js                        0.47 kB │ gzip:   0.27 kB
dist/assets/bloomMerge.fragment-vwVNEATu.js                                0.48 kB │ gzip:   0.31 kB
dist/assets/performanceConfigurator-UtxC_Odd.js                            0.50 kB │ gzip:   0.25 kB
dist/assets/rgbdEncode.fragment-CVg4Fcse.js                                0.51 kB │ gzip:   0.33 kB
dist/assets/rgbdDecode.fragment-Cdz2Tveq.js                                0.52 kB │ gzip:   0.34 kB
dist/assets/bumpVertex-CWhdIpqj.js                                         0.52 kB │ gzip:   0.32 kB
dist/assets/flowGraphGetSoundVolumeBlock.pure-Cn0U_Iif.js                  0.52 kB │ gzip:   0.31 kB
dist/assets/packingFunctions-DpGwbupU.js                                   0.52 kB │ gzip:   0.29 kB
dist/assets/flowGraphConstantBlock.pure-C4z_ff5A.js                        0.53 kB │ gzip:   0.31 kB
dist/assets/flowGraphIsSoundPlayingBlock.pure-BCGIQygk.js                  0.54 kB │ gzip:   0.32 kB
dist/assets/glowMapMerge.vertex-CBAYzq55.js                                0.54 kB │ gzip:   0.33 kB
dist/assets/flowGraphInteger.pure-CZmJgkLp.js                              0.55 kB │ gzip:   0.29 kB
dist/assets/flowGraphPauseAnimationBlock.pure-bw5zVPMx.js                  0.56 kB │ gzip:   0.32 kB
dist/assets/packingFunctions-CINwVZs6.js                                   0.56 kB │ gzip:   0.31 kB
dist/assets/postprocess.vertex-CmVXXq2T.js                                 0.58 kB │ gzip:   0.35 kB
dist/assets/flowGraphGetVariableBlock.pure-B2fWdNhR.js                     0.58 kB │ gzip:   0.33 kB
dist/assets/flowGraphContextBlock.pure-CVzw-AEL.js                         0.58 kB │ gzip:   0.31 kB
dist/assets/flowGraphStopSoundBlock.pure-Dzv3a55m.js                       0.60 kB │ gzip:   0.35 kB
dist/assets/flowGraphKeyDownEventBlock.pure-BDG6A6l3.js                    0.60 kB │ gzip:   0.35 kB
dist/assets/procedural.vertex-D3o6xkF2.js                                  0.61 kB │ gzip:   0.34 kB
dist/assets/flowGraphBranchBlock.pure-_U_kKcNn.js                          0.62 kB │ gzip:   0.33 kB
dist/assets/logDepthVertex-CksyN44U.js                                     0.62 kB │ gzip:   0.34 kB
dist/assets/rgbdEncode.fragment-BADhSAj7.js                                0.64 kB │ gzip:   0.38 kB
dist/assets/flowGraphPauseSoundBlock.pure-CD2psVBQ.js                      0.65 kB │ gzip:   0.38 kB
dist/assets/rgbdDecode.fragment-Cd1bHQvP.js                                0.65 kB │ gzip:   0.38 kB
dist/assets/flowGraphAsyncExecutionBlock-0Bp0Q6Xs.js                       0.66 kB │ gzip:   0.34 kB
dist/assets/flowGraphConditionalDataBlock.pure-DIUtR9oD.js                 0.67 kB │ gzip:   0.33 kB
dist/assets/extractHighlights.fragment-Z6JPs_Tc.js                         0.68 kB │ gzip:   0.40 kB
dist/assets/flowGraphIndexOfBlock.pure-B-C-Ny8J.js                         0.69 kB │ gzip:   0.37 kB
dist/assets/bumpVertex-DRq4BZvD.js                                         0.69 kB │ gzip:   0.38 kB
dist/assets/flowGraphSetSoundVolumeBlock.pure-Die6peAy.js                  0.70 kB │ gzip:   0.37 kB
dist/assets/flowGraphSceneReadyEventBlock.pure-CfjQVT50.js                 0.70 kB │ gzip:   0.38 kB
dist/assets/flowGraphStopEventPropagationBlock.pure-DW4QO5a5.js            0.70 kB │ gzip:   0.37 kB
dist/assets/flowGraphSetLinearVelocityBlock.pure-CojMbZ1l.js               0.73 kB │ gzip:   0.38 kB
dist/assets/flowGraphCounterBlock.pure-ByxMo6l_.js                         0.73 kB │ gzip:   0.38 kB
dist/assets/flowGraphAssetsContext-WtUyuDAI.js                             0.73 kB │ gzip:   0.27 kB
dist/assets/flowGraphGetLinearVelocityBlock.pure-DieKwAzP.js               0.73 kB │ gzip:   0.40 kB
dist/assets/flowGraphSetAngularVelocityBlock.pure-CXpS3wW2.js              0.73 kB │ gzip:   0.39 kB
dist/assets/bloomMerge.fragment-DQ_fgnoL.js                                0.74 kB │ gzip:   0.37 kB
dist/assets/flowGraphGetAngularVelocityBlock.pure-BnZCfnuQ.js              0.74 kB │ gzip:   0.40 kB
dist/assets/flowGraphSetPhysicsMotionTypeBlock.pure-XlnQXdH3.js            0.74 kB │ gzip:   0.39 kB
dist/assets/flowGraphFunctionReferenceBlock.pure-bLrBvdCh.js               0.75 kB │ gzip:   0.38 kB
dist/assets/pointerEvents-Cf29ZA23.js                                      0.76 kB │ gzip:   0.40 kB
dist/assets/sharpen.fragment-CCLDkKbj.js                                   0.76 kB │ gzip:   0.38 kB
dist/assets/flowGraphFlipFlopBlock.pure-DIxaexhP.js                        0.76 kB │ gzip:   0.40 kB
dist/assets/grain.fragment-BCCu9I6u.js                                     0.77 kB │ gzip:   0.44 kB
dist/assets/flowGraphApplyForceBlock.pure-BccZFvgp.js                      0.77 kB │ gzip:   0.41 kB
dist/assets/flowGraphApplyImpulseBlock.pure-CIbtO4Fa.js                    0.79 kB │ gzip:   0.41 kB
dist/assets/glowMapMerge.fragment-E4YwFGds.js                              0.80 kB │ gzip:   0.42 kB
dist/assets/flowGraphGetAssetBlock.pure-DCZiQuyu.js                        0.80 kB │ gzip:   0.42 kB
dist/assets/flowGraphCancelDelayBlock.pure-Bf0_Apuf.js                     0.80 kB │ gzip:   0.47 kB
dist/assets/circleOfConfusion.fragment-CEj6DZ22.js                         0.81 kB │ gzip:   0.45 kB
dist/assets/logDepthVertex-DaIBRo0c.js                                     0.81 kB │ gzip:   0.40 kB
dist/assets/flowGraphSequenceBlock.pure-CoGoFb7e.js                        0.82 kB │ gzip:   0.39 kB
dist/assets/flowGraphGetPhysicsMassPropertiesBlock.pure-DzTApyUK.js        0.83 kB │ gzip:   0.39 kB
dist/assets/flowGraphDebounceBlock.pure-DX3OhspU.js                        0.87 kB │ gzip:   0.42 kB
dist/assets/flowGraphPlaySoundBlock.pure-Bo0Tnifo.js                       0.88 kB │ gzip:   0.44 kB
dist/assets/kernelBlur.vertex-C2dESVl-.js                                  0.88 kB │ gzip:   0.46 kB
dist/assets/extractHighlights.fragment-DNPprI_x.js                         0.89 kB │ gzip:   0.47 kB
dist/assets/flowGraphSceneTickEventBlock.pure-BC7cqpXP.js                  0.89 kB │ gzip:   0.42 kB
dist/assets/flowGraphPointerOutEventBlock.pure-CEOzSJqi.js                 0.90 kB │ gzip:   0.45 kB
dist/assets/math.size-BHZaDYSv.js                                          0.91 kB │ gzip:   0.37 kB
dist/assets/imageProcessing.fragment-Bb9mf-7k.js                           0.91 kB │ gzip:   0.48 kB
dist/assets/flowGraphCachedOperationBlock-DxQK3QFL.js                      0.91 kB │ gzip:   0.41 kB
dist/assets/flowGraphPointerOverEventBlock.pure-B7cNHAAc.js                0.91 kB │ gzip:   0.46 kB
dist/assets/webAudioMainBus-CY_QR1yd.js                                    0.91 kB │ gzip:   0.41 kB
dist/assets/flowGraphDoNBlock.pure-Cp-NLlHq.js                             0.91 kB │ gzip:   0.45 kB
dist/assets/mesh.vertexData.functions-CD4JOR2q.js                          0.93 kB │ gzip:   0.48 kB
dist/assets/flowGraphArrayIndexBlock.pure-DiDynEh3.js                      0.93 kB │ gzip:   0.47 kB
dist/assets/flowGraphGetPropertyBlock.pure-DhIvfw6G.js                     0.95 kB │ gzip:   0.45 kB
dist/assets/flowGraphDataSwitchBlock.pure-BgHE8EfW.js                      0.96 kB │ gzip:   0.48 kB
dist/assets/circleOfConfusion.fragment-Bl-wDFJW.js                         0.99 kB │ gzip:   0.52 kB
dist/assets/fxaa.vertex-CEYszSUi.js                                        0.99 kB │ gzip:   0.39 kB
dist/assets/flowGraphPointerUpEventBlock.pure-DOA7H3Mf.js                  1.00 kB │ gzip:   0.47 kB
dist/assets/flowGraphKeyboardEventBlock-Buevj1jj.js                        1.00 kB │ gzip:   0.41 kB
dist/assets/flowGraphWhileLoopBlock.pure-B7H9rRII.js                       1.00 kB │ gzip:   0.49 kB
dist/assets/flowGraphPointerDownEventBlock.pure-BhrL3In_.js                1.01 kB │ gzip:   0.47 kB
dist/assets/flowGraphSendCustomEventBlock.pure-BEbkj3Ca.js                 1.01 kB │ gzip:   0.50 kB
dist/assets/flowGraphPointerMoveEventBlock.pure-C7QGq6pb.js                1.03 kB │ gzip:   0.48 kB
dist/assets/flowGraphSoundEndedEventBlock.pure-CxnYhbhi.js                 1.03 kB │ gzip:   0.47 kB
dist/assets/flowGraphTransformCoordinatesSystemBlock.pure-Bgxf8juN.js      1.04 kB │ gzip:   0.46 kB
dist/assets/kernelBlur.vertex-Cr8ljakh.js                                  1.05 kB │ gzip:   0.50 kB
dist/assets/glowMapMerge.fragment-kUzN8f-0.js                              1.06 kB │ gzip:   0.49 kB
dist/assets/grain.fragment-BQQ55zfO.js                                     1.06 kB │ gzip:   0.52 kB
dist/assets/imageProcessing.fragment-BYRafdUg.js                           1.08 kB │ gzip:   0.53 kB
dist/assets/sharpen.fragment-B2bDI1_Y.js                                   1.08 kB │ gzip:   0.45 kB
dist/assets/glowBlurPostProcess.fragment-DDN2NxnB.js                       1.11 kB │ gzip:   0.57 kB
dist/assets/harmonicsFunctions-QSz_WdsQ.js                                 1.12 kB │ gzip:   0.49 kB
dist/assets/clipPlaneVertex-C59BO8JS.js                                    1.17 kB │ gzip:   0.34 kB
dist/assets/clipPlaneFragment-DVK0wgyZ.js                                  1.17 kB │ gzip:   0.35 kB
dist/assets/depth.fragment-DCDlr7g6.js                                     1.17 kB │ gzip:   0.55 kB
dist/assets/smartArray-BRfcgNbX.js                                         1.18 kB │ gzip:   0.44 kB
dist/assets/flowGraphSwitchBlock.pure-x1505l_r.js                          1.24 kB │ gzip:   0.55 kB
dist/assets/flowGraphIsKeyPressedBlock.pure-jHhkkIrQ.js                    1.27 kB │ gzip:   0.50 kB
dist/assets/clipPlaneFragment-Ct2VqHzk.js                                  1.27 kB │ gzip:   0.37 kB
dist/assets/ddsTextureLoader-B-JiH9wg.js                                   1.27 kB │ gzip:   0.62 kB
dist/assets/halfFloat-Ce77JD5z.js                                          1.29 kB │ gzip:   0.60 kB
dist/assets/fogFragment-Bw05Ux0E.js                                        1.29 kB │ gzip:   0.58 kB
dist/assets/flowGraphSetVariableBlock.pure-DmmgbOXE.js                     1.31 kB │ gzip:   0.63 kB
dist/assets/flowGraphTypeToTypeBlocks.pure-BwBrvX9w.js                     1.32 kB │ gzip:   0.48 kB
dist/assets/clipPlaneVertex-DKhVm1NW.js                                    1.35 kB │ gzip:   0.37 kB
dist/assets/depth.fragment-D67KRAFZ.js                                     1.40 kB │ gzip:   0.60 kB
dist/assets/glowBlurPostProcess.fragment-CWHntGEt.js                       1.41 kB │ gzip:   0.65 kB
dist/assets/harmonicsFunctions-CMr56qfT.js                                 1.42 kB │ gzip:   0.52 kB
dist/assets/flowGraphBezierCurveEasingBlock.pure-XdglInvd.js               1.42 kB │ gzip:   0.71 kB
dist/assets/fxaa.vertex-BxlD2OIs.js                                        1.43 kB │ gzip:   0.45 kB
dist/assets/flowGraphThrottleBlock.pure-BaN9V4s3.js                        1.46 kB │ gzip:   0.55 kB
dist/assets/fogFragment-Dqlv8okl.js                                        1.46 kB │ gzip:   0.63 kB
dist/assets/flowGraphDebugBlock.pure-Qcpa2l2e.js                           1.48 kB │ gzip:   0.64 kB
dist/assets/abstractSoundSource-CS-CUKBT.js                                1.48 kB │ gzip:   0.48 kB
dist/assets/flowGraphMeshPickEventBlock.pure-BcXmXJOd.js                   1.49 kB │ gzip:   0.62 kB
dist/assets/flowGraphSetPropertyBlock.pure-BM6RN-yv.js                     1.49 kB │ gzip:   0.70 kB
dist/assets/flowGraphForLoopBlock.pure-DsV-XisS.js                         1.51 kB │ gzip:   0.68 kB
dist/assets/flowGraphConsoleLogBlock.pure-B8X6zwRs.js                      1.52 kB │ gzip:   0.74 kB
dist/assets/chromaticAberration.fragment-cDPo3aCd.js                       1.53 kB │ gzip:   0.59 kB
dist/assets/gaussianSplatting.fragment-BqLuRF59.js                         1.66 kB │ gzip:   0.73 kB
dist/assets/flowGraphWaitAllBlock.pure-LsCkpdeW.js                         1.67 kB │ gzip:   0.68 kB
dist/assets/flowGraphEasingBlock.pure-mknLPORE.js                          1.68 kB │ gzip:   0.75 kB
dist/assets/depthOfFieldMerge.fragment-BKOejQJL.js                         1.68 kB │ gzip:   0.56 kB
dist/assets/envTextureLoader-DVAVIO5X.js                                   1.69 kB │ gzip:   0.66 kB
dist/assets/flowGraphPhysicsCollisionEventBlock.pure-C3hP5LQ0.js           1.74 kB │ gzip:   0.67 kB
dist/assets/gaussianSplattingVoxel.fragment-B_Om6CDx.js                    1.75 kB │ gzip:   0.59 kB
dist/assets/flowGraphMultiGateBlock.pure-Dqu21PW_.js                       1.78 kB │ gzip:   0.76 kB
dist/assets/pbrUboDeclaration--xFZEw0i.js                                  1.80 kB │ gzip:   0.67 kB
dist/assets/math.plane-ho-KZss3.js                                         1.81 kB │ gzip:   0.77 kB
dist/assets/gaussianSplatting.fragment-Bjks8NKV.js                         1.81 kB │ gzip:   0.75 kB
dist/assets/drawWrapper-K0fqgAAk.js                                        1.86 kB │ gzip:   0.98 kB
dist/assets/logger-CuBYPcDK.js                                             1.88 kB │ gzip:   0.82 kB
dist/assets/chromaticAberration.fragment-DNJUxumu.js                       1.89 kB │ gzip:   0.66 kB
dist/assets/gaussianSplattingVoxel.vertex-C8zzfh1o.js                      1.89 kB │ gzip:   0.76 kB
dist/assets/glowMapGeneration.fragment-CeyBGCV2.js                         1.89 kB │ gzip:   0.73 kB
dist/assets/gaussianSplattingVoxel.fragment-C65sY-Bh.js                    1.97 kB │ gzip:   0.87 kB
dist/assets/flowGraphStopAnimationBlock.pure-C-eYztIs.js                   2.01 kB │ gzip:   0.74 kB
dist/assets/flowGraphInterpolationBlock.pure-DqCfC8kH.js                   2.14 kB │ gzip:   0.88 kB
dist/assets/math.scalar.functions-D-i-XBaP.js                              2.19 kB │ gzip:   1.02 kB
dist/assets/flowGraphReceiveCustomEventBlock.pure-z3mSzotk.js              2.27 kB │ gzip:   0.91 kB
dist/assets/webAudioBus-Dtdlp5Jn.js                                        2.28 kB │ gzip:   0.75 kB
dist/assets/depth.vertex-hmydw0di.js                                       2.29 kB │ gzip:   0.87 kB
dist/assets/kernelBlur.fragment-DHQjf6lq.js                                2.29 kB │ gzip:   0.77 kB
dist/assets/depthOfFieldMerge.fragment-CyZ9wEKh.js                         2.30 kB │ gzip:   0.56 kB
dist/assets/hdrTextureLoader-BQVwkxK1.js                                   2.31 kB │ gzip:   1.13 kB
dist/assets/pbrUboDeclaration-C5ewsEKR.js                                  2.34 kB │ gzip:   0.65 kB
dist/assets/depth.vertex-C224oJU8.js                                       2.35 kB │ gzip:   0.91 kB
dist/assets/glowMapGeneration.vertex-DD2aRNN2.js                           2.35 kB │ gzip:   0.79 kB
dist/assets/iesTextureLoader-BcYbPJsH.js                                   2.47 kB │ gzip:   1.07 kB
dist/assets/glowMapGeneration.fragment--GsWhDyB.js                         2.51 kB │ gzip:   0.83 kB
dist/assets/flowGraphExecutionBlock-CiLN482n.js                            2.52 kB │ gzip:   0.86 kB
dist/assets/gaussianSplattingVoxel.vertex-BkkV0vCy.js                      2.54 kB │ gzip:   0.91 kB
dist/assets/glowMapGeneration.vertex-CpmU9VSz.js                           2.81 kB │ gzip:   0.88 kB
dist/assets/kernelBlur.fragment-BcdTKoPW.js                                2.83 kB │ gzip:   0.84 kB
dist/assets/webRequest-dqz0dHXK.js                                         2.94 kB │ gzip:   1.06 kB
dist/assets/abstractSoundInstance-Cm6Z2VcX.js                              3.09 kB │ gzip:   0.90 kB
dist/assets/observable.pure-B5E8yEYx.js                                    3.20 kB │ gzip:   1.10 kB
dist/assets/tgaTextureLoader-CqhhocF6.js                                   3.40 kB │ gzip:   1.35 kB
dist/assets/textureProcessor.fragment-D-awtrDP.js                          3.49 kB │ gzip:   1.00 kB
dist/assets/cubemapToSphericalPolynomial-DoKGWmb4.js                       3.72 kB │ gzip:   1.63 kB
dist/assets/decorators-g5valUAx.js                                         3.84 kB │ gzip:   1.57 kB
dist/assets/openpbrUboDeclaration-CbPGRvOI.js                              3.87 kB │ gzip:   1.03 kB
dist/assets/gaussianSplatting.vertex-C8aIc0U5.js                           4.01 kB │ gzip:   1.40 kB
dist/assets/dumpTools.pure-DTd-pkfq.js                                     4.11 kB │ gzip:   1.94 kB
dist/assets/flowGraphJsonPointerParserBlock.pure-6jitBRNI.js               4.28 kB │ gzip:   1.66 kB
dist/assets/textureProcessor.fragment-B-hqHgey.js                          4.37 kB │ gzip:   1.18 kB
dist/assets/flowGraphSetDelayBlock.pure-DbhyfICY.js                        4.71 kB │ gzip:   1.66 kB
dist/assets/flowGraphMatrixMathBlocks.pure-2esuGNJ_.js                     4.74 kB │ gzip:   1.48 kB
dist/assets/decorators.serialization-BgXz6RRq.js                           4.75 kB │ gzip:   1.79 kB
dist/assets/gaussianSplatting.vertex-ClRDuG56.js                           4.80 kB │ gzip:   1.51 kB
dist/assets/flowGraphPlayAnimationBlock.pure-st4065OJ.js                   4.84 kB │ gzip:   1.55 kB
dist/assets/imageProcessingFunctions-B1IXC_gq.js                           4.93 kB │ gzip:   1.77 kB
dist/assets/openpbrUboDeclaration-9cmPUG2y.js                              5.16 kB │ gzip:   1.04 kB
dist/assets/fxaa.fragment-BJI4ON-J.js                                      5.55 kB │ gzip:   1.65 kB
dist/assets/imageProcessingFunctions-G8WWRV14.js                           5.66 kB │ gzip:   1.99 kB
dist/assets/sphericalPolynomial.pure-C_HWq_-3.js                           5.73 kB │ gzip:   1.35 kB
dist/assets/fxaa.fragment-Uh7tsKmu.js                                      6.43 kB │ gzip:   1.71 kB
dist/assets/helperFunctions-gEnZbjN3.js                                    6.81 kB │ gzip:   2.31 kB
dist/assets/bumpFragment-BrQB2GBa.js                                       6.86 kB │ gzip:   2.41 kB
dist/assets/dds.pure-DQM_STrZ.js                                           6.93 kB │ gzip:   2.54 kB
dist/assets/reflectionFunction-BvoxEfKw.js                                 7.13 kB │ gzip:   1.77 kB
dist/assets/vertexColorMixing-Dr2MLCTE.js                                  7.21 kB │ gzip:   1.79 kB
dist/assets/buffer.pure-BVQdsdjE.js                                        7.40 kB │ gzip:   2.43 kB
dist/assets/internalTexture-s3_Okj90.js                                    7.69 kB │ gzip:   1.99 kB
dist/assets/geometry.vertex-CvoCriI8.js                                    7.79 kB │ gzip:   1.92 kB
dist/assets/flowGraphVectorMathBlocks.pure-D9h_RJw9.js                     7.88 kB │ gzip:   2.50 kB
dist/assets/reflectionFunction-DYtFqouG.js                                 7.89 kB │ gzip:   1.82 kB
dist/assets/bumpFragment-DB-JU_0p.js                                       8.06 kB │ gzip:   2.52 kB
dist/assets/flowGraphMathCombineExtractBlocks.pure-D8kAgbrL.js             8.07 kB │ gzip:   1.18 kB
dist/assets/basisTextureLoader-BvSHUISa.js                                 8.15 kB │ gzip:   3.17 kB
dist/assets/effectRenderer.pure-B3axSixZ.js                                8.36 kB │ gzip:   2.47 kB
dist/assets/geometry.fragment-qEOin5LR.js                                  8.42 kB │ gzip:   2.60 kB
dist/assets/geometry.vertex-Cau07cKn.js                                    8.98 kB │ gzip:   2.00 kB
dist/assets/bonesVertex-dLTMd0Jv.js                                       10.17 kB │ gzip:   1.74 kB
dist/assets/geometry.fragment-BqlK0brg.js                                 10.30 kB │ gzip:   2.79 kB
dist/assets/node-BO_ZscnI.js                                              11.57 kB │ gzip:   3.16 kB
dist/assets/constants-DNxlZnxc.js                                         11.69 kB │ gzip:   3.17 kB
dist/assets/pbrBRDFFunctions-BCNINF-p.js                                  11.93 kB │ gzip:   4.14 kB
dist/assets/webAudioBaseSubGraph-DywagyBU.js                              12.38 kB │ gzip:   3.51 kB
dist/assets/math.color.pure-CiO80_zw.js                                   12.51 kB │ gzip:   2.93 kB
dist/assets/pbrBRDFFunctions-DxfbxN23.js                                  12.76 kB │ gzip:   4.32 kB
dist/assets/bakedVertexAnimation-BTMuj2Y7.js                              12.91 kB │ gzip:   2.45 kB
dist/assets/exrTextureLoader-hyj9f4GL.js                                  13.14 kB │ gzip:   4.83 kB
dist/assets/tools.functions-BS_JXLQx.js                                   13.31 kB │ gzip:   4.70 kB
dist/assets/flowGraphBlock-89bBIeFG.js                                    13.38 kB │ gzip:   3.95 kB
dist/assets/gaussianSplatting-Dq1CpTgZ.js                                 14.39 kB │ gzip:   4.34 kB
dist/assets/pbr.vertex-4W_2DVZx.js                                        14.61 kB │ gzip:   3.14 kB
dist/assets/gaussianSplatting-vJ6yzDcm.js                                 14.70 kB │ gzip:   4.54 kB
dist/assets/baseTexture.pure-871HmvrO.js                                  15.13 kB │ gzip:   3.85 kB
dist/assets/ktxTextureLoader-BJ7fo8ef.js                                  15.17 kB │ gzip:   4.40 kB
dist/assets/animation.pure-DACuMFhD.js                                    15.34 kB │ gzip:   4.01 kB
dist/assets/lightConstants-WsiEG0PB.js                                    15.78 kB │ gzip:   3.50 kB
dist/assets/spatialWebAudio-DWZeap43.js                                   15.91 kB │ gzip:   3.63 kB
dist/assets/pbr.vertex-CJtOh4PZ.js                                        17.20 kB │ gzip:   3.64 kB
dist/assets/openpbr.vertex-Bc8uQa2Q.js                                    17.21 kB │ gzip:   3.33 kB
dist/assets/openpbrTransmissionLayerData-BRi1vGnu.js                      17.35 kB │ gzip:   4.01 kB
dist/assets/sceneComponent-C5Ht72_Z.js                                    17.95 kB │ gzip:   4.86 kB
dist/assets/postProcess.pure-BDlY5cXb.js                                  18.44 kB │ gzip:   5.08 kB
dist/assets/openpbrTransmissionLayerData-CbssVoWF.js                      18.46 kB │ gzip:   4.15 kB
dist/assets/texture.pure-BNjKMH4y.js                                      19.47 kB │ gzip:   5.40 kB
dist/assets/openpbr.vertex-DTc4rafs.js                                    20.67 kB │ gzip:   4.00 kB
dist/assets/flowGraphMathBlocks.pure-CAMl3_5-.js                          20.87 kB │ gzip:   4.67 kB
dist/assets/vertexColorMixing-DDm8Hlj6.js                                 22.11 kB │ gzip:   3.55 kB
dist/assets/tools.pure-CaUNxClP.js                                        31.16 kB │ gzip:  10.24 kB
dist/assets/renderTargetTexture.pure-DRXWkbYo.js                          31.88 kB │ gzip:   7.90 kB
dist/assets/animationGroup.pure-TdKwPqDp.js                               35.26 kB │ gzip:   8.92 kB
dist/assets/abstractEngine.pure-CxWef7ws.js                               59.35 kB │ gzip:  14.56 kB
dist/assets/math.vector.pure-DJANy4qG.js                                  64.62 kB │ gzip:  16.11 kB
dist/assets/thinEngine.pure-DSvSkC34.js                                   67.06 kB │ gzip:  16.85 kB
dist/assets/imageProcessing-jM8IpFVq.js                                   73.60 kB │ gzip:  48.56 kB
dist/assets/material.pure-CTSijeQM.js                                     78.87 kB │ gzip:  20.26 kB
dist/assets/pbrDebug-Czr2LKeZ.js                                          82.77 kB │ gzip:  17.10 kB
dist/assets/openpbr.fragment-Ioy2hVx1.js                                  88.07 kB │ gzip:  17.58 kB
dist/assets/openpbr.fragment-IJl6ZNjR.js                                  90.47 kB │ gzip:  17.63 kB
dist/assets/pbrDebug-dBKzN9iy.js                                          92.66 kB │ gzip:  19.00 kB
dist/assets/pbr.fragment-BWnHAfKi.js                                     115.65 kB │ gzip:  19.54 kB
dist/assets/pbr.fragment-C79QkHu0.js                                     117.17 kB │ gzip:  20.65 kB
dist/assets/openpbrMaterial.pure-BKl6A6pl.js                             122.25 kB │ gzip:  26.84 kB
dist/assets/pbrMaterial.pure-Dmvdhzeo.js                                 151.27 kB │ gzip:  29.20 kB
dist/assets/index-CWdCMmNC.js                                          1,744.50 kB │ gzip: 411.49 kB

✓ built in 283ms
[plugin builtin:vite-reporter] 
(!) Some chunks are larger than 500 kB after minification. Consider:
- Using dynamic import() to code-split the application
- Use build.rolldownOptions.output.codeSplitting to improve chunking: https://rolldown.rs/reference/OutputOptions.codeSplitting
- Adjust chunk size limit for this warning via build.chunkSizeWarningLimit.
